Archive member included to satisfy reference by file (symbol)

_nsx/nsx_power/libnsx_power.a(ns_power.c.obj)
                              CMakeFiles/power_benchmark.dir/src/main.c.obj (ns_power_shutdown_peripherals)
_nsx/nsx_power/libnsx_power.a(ns_power.c.obj)
                              _nsx/nsx_power/libnsx_power.a(ns_power.c.obj) (ns_power_current_version)
_nsx/nsx_cmsis_startup/libnsx_startup.a(startup_gcc.c.obj)
                              (Reset_Handler)
_nsx/nsx_cmsis_startup/libnsx_startup.a(system_apollo510.c.obj)
                              _nsx/nsx_cmsis_startup/libnsx_startup.a(startup_gcc.c.obj) (SystemInit)
_nsx/nsx_utils/libnsx_utils.a(ns_energy_monitor.c.obj)
                              CMakeFiles/power_benchmark.dir/src/main.c.obj (ns_init_power_monitor_state)
_nsx/nsx_utils/libnsx_utils.a(ns_timer.c.obj)
                              _nsx/nsx_power/libnsx_power.a(ns_power.c.obj) (ns_core_initialized)
_nsx/nsx_utils/libnsx_utils.a(ns_timer_ap5.c.obj)
                              _nsx/nsx_utils/libnsx_utils.a(ns_timer.c.obj) (ns_timer_platform_init)
_nsx/nsx_core/libnsx_core.a(ns_core.c.obj)
                              _nsx/nsx_power/libnsx_power.a(ns_power.c.obj) (ns_core_check_api)
_nsx/nsx_core/libnsx_core.a(nsx_system.c.obj)
                              CMakeFiles/power_benchmark.dir/src/main.c.obj (nsx_system_init)
_nsx/nsx_core/libnsx_core.a(nsx_system_platform.c.obj)
                              _nsx/nsx_core/libnsx_core.a(nsx_system.c.obj) (nsx_platform_hw_init)
/Users/adampage/Ambiq/neuralspot/neuralspotx/examples/power_benchmark/modules/nsx-ambiqsuite-r5/sdk/lib/apollo510/evb/libam_bsp.a(am_bsp.o)
                              _nsx/nsx_power/libnsx_power.a(ns_power.c.obj) (am_bsp_low_power_init)
/Users/adampage/Ambiq/neuralspot/neuralspotx/examples/power_benchmark/modules/nsx-ambiqsuite-r5/sdk/lib/apollo510/evb/libam_bsp.a(am_bsp_pins.o)
                              /Users/adampage/Ambiq/neuralspot/neuralspotx/examples/power_benchmark/modules/nsx-ambiqsuite-r5/sdk/lib/apollo510/evb/libam_bsp.a(am_bsp.o) (g_AM_BSP_GPIO_VDDUSB0P9_SWITCH)
_nsx/nsx_ambiq_hal_r5/libnsx_ambiq_hal.a(am_util_stdio.c.obj)
                              _nsx/nsx_core/libnsx_core.a(nsx_system_platform.c.obj) (am_util_stdio_printf_init)
_nsx/nsx_ambiq_hal_r5/libnsx_ambiq_hal.a(am_util_delay.c.obj)
                              /Users/adampage/Ambiq/neuralspot/neuralspotx/examples/power_benchmark/modules/nsx-ambiqsuite-r5/sdk/lib/apollo510/evb/libam_bsp.a(am_bsp.o) (am_util_delay_ms)
/Users/adampage/Ambiq/neuralspot/neuralspotx/examples/power_benchmark/modules/nsx-ambiqsuite-r5/sdk/lib/apollo510/libam_hal.a(am_hal_cachectrl.o)
                              _nsx/nsx_power/libnsx_power.a(ns_power.c.obj) (am_hal_cachectrl_icache_enable)
/Users/adampage/Ambiq/neuralspot/neuralspotx/examples/power_benchmark/modules/nsx-ambiqsuite-r5/sdk/lib/apollo510/libam_hal.a(am_hal_clkgen.o)
                              _nsx/nsx_power/libnsx_power.a(ns_power.c.obj) (am_hal_clkgen_control)
/Users/adampage/Ambiq/neuralspot/neuralspotx/examples/power_benchmark/modules/nsx-ambiqsuite-r5/sdk/lib/apollo510/libam_hal.a(am_hal_clkmgr.o)
                              /Users/adampage/Ambiq/neuralspot/neuralspotx/examples/power_benchmark/modules/nsx-ambiqsuite-r5/sdk/lib/apollo510/evb/libam_bsp.a(am_bsp.o) (am_hal_clkmgr_clock_config)
/Users/adampage/Ambiq/neuralspot/neuralspotx/examples/power_benchmark/modules/nsx-ambiqsuite-r5/sdk/lib/apollo510/libam_hal.a(am_hal_dcu.o)
                              /Users/adampage/Ambiq/neuralspot/neuralspotx/examples/power_benchmark/modules/nsx-ambiqsuite-r5/sdk/lib/apollo510/evb/libam_bsp.a(am_bsp.o) (am_hal_dcu_get)
/Users/adampage/Ambiq/neuralspot/neuralspotx/examples/power_benchmark/modules/nsx-ambiqsuite-r5/sdk/lib/apollo510/libam_hal.a(am_hal_debug.o)
                              _nsx/nsx_core/libnsx_core.a(nsx_system_platform.c.obj) (am_hal_debug_enable)
/Users/adampage/Ambiq/neuralspot/neuralspotx/examples/power_benchmark/modules/nsx-ambiqsuite-r5/sdk/lib/apollo510/libam_hal.a(am_hal_gpio.o)
                              _nsx/nsx_power/libnsx_power.a(ns_power.c.obj) (am_hal_gpio_pinconfig)
/Users/adampage/Ambiq/neuralspot/neuralspotx/examples/power_benchmark/modules/nsx-ambiqsuite-r5/sdk/lib/apollo510/libam_hal.a(am_hal_interrupt.o)
                              _nsx/nsx_core/libnsx_core.a(ns_core.c.obj) (am_hal_interrupt_master_disable)
/Users/adampage/Ambiq/neuralspot/neuralspotx/examples/power_benchmark/modules/nsx-ambiqsuite-r5/sdk/lib/apollo510/libam_hal.a(am_hal_itm.o)
                              /Users/adampage/Ambiq/neuralspot/neuralspotx/examples/power_benchmark/modules/nsx-ambiqsuite-r5/sdk/lib/apollo510/evb/libam_bsp.a(am_bsp.o) (am_hal_itm_enable)
/Users/adampage/Ambiq/neuralspot/neuralspotx/examples/power_benchmark/modules/nsx-ambiqsuite-r5/sdk/lib/apollo510/libam_hal.a(am_hal_mcuctrl.o)
[...]
Memory Configuration

Name             Origin             Length             Attributes
MCU_ITCM         0x00000000         0x00040000         xrw
MCU_MRAM         0x00410000         0x003f0000         xr
MCU_TCM          0x20000000         0x0007c000         xrw
SHARED_SRAM      0x20080000         0x00300000         xrw
*default*        0x00000000         0xffffffff

Linker script and memory map

LOAD CMakeFiles/power_benchmark.dir/src/main.c.obj
LOAD CMakeFiles/power_benchmark.dir/src/core_portme.c.obj
LOAD CMakeFiles/power_benchmark.dir/src/coremark/core_main.c.obj
LOAD CMakeFiles/power_benchmark.dir/src/coremark/core_list_join.c.obj
LOAD CMakeFiles/power_benchmark.dir/src/coremark/core_matrix.c.obj
LOAD CMakeFiles/power_benchmark.dir/src/coremark/core_state.c.obj
LOAD CMakeFiles/power_benchmark.dir/src/coremark/core_util.c.obj
LOAD _nsx/nsx_power/libnsx_power.a
LOAD _nsx/nsx_cmsis_startup/libnsx_startup.a
LOAD _nsx/nsx_harness/libnsx_harness.a
LOAD _nsx/nsx_utils/libnsx_utils.a
LOAD _nsx/nsx_core/libnsx_core.a
LOAD /Users/adampage/Ambiq/neuralspot/neuralspotx/examples/power_benchmark/modules/nsx-ambiqsuite-r5/sdk/lib/apollo510/evb/libam_bsp.a
LOAD _nsx/nsx_ambiq_hal_r5/libnsx_ambiq_hal.a
LOAD /Users/adampage/Ambiq/neuralspot/neuralspotx/examples/power_benchmark/modules/nsx-ambiqsuite-r5/sdk/lib/apollo510/libam_hal.a
START GROUP
LOAD /Applications/ArmGNUToolchain/14.3.rel1/arm-none-eabi/bin/../lib/gcc/arm-none-eabi/14.3.1/../../../../arm-none-eabi/lib/thumb/v8-m.main+dp/hard/libm.a
LOAD /Applications/ArmGNUToolchain/14.3.rel1/arm-none-eabi/bin/../lib/gcc/arm-none-eabi/14.3.1/../../../../arm-none-eabi/lib/thumb/v8-m.main+dp/hard/libc.a
LOAD /Applications/ArmGNUToolchain/14.3.rel1/arm-none-eabi/bin/../lib/gcc/arm-none-eabi/14.3.1/thumb/v8-m.main+dp/hard/libgcc.a
LOAD /Applications/ArmGNUToolchain/14.3.rel1/arm-none-eabi/bin/../lib/gcc/arm-none-eabi/14.3.1/../../../../arm-none-eabi/lib/thumb/v8-m.main+dp/hard/libnosys.a
LOAD /Applications/ArmGNUToolchain/14.3.rel1/arm-none-eabi/bin/../lib/gcc/arm-none-eabi/14.3.1/../../../../arm-none-eabi/lib/thumb/v8-m.main+dp/hard/libstdc++.a
END GROUP
START GROUP
LOAD /Applications/ArmGNUToolchain/14.3.rel1/arm-none-eabi/bin/../lib/gcc/arm-none-eabi/14.3.1/thumb/v8-m.main+dp/hard/libgcc.a
LOAD /Applications/ArmGNUToolchain/14.3.rel1/arm-none-eabi/bin/../lib/gcc/arm-none-eabi/14.3.1/../../../../arm-none-eabi/lib/thumb/v8-m.main+dp/hard/libc.a
END GROUP

.text           0x00410000      0x400
                0x00410000                        . = ALIGN (0x4)
 *(.isr_vector)
 .isr_vector    0x00410000      0x25c _nsx/nsx_cmsis_startup/libnsx_startup.a(startup_gcc.c.obj)
                0x00410000                __Vectors
 *(.patch)
 .patch         0x0041025c      0x1a4 _nsx/nsx_cmsis_startup/libnsx_startup.a(startup_gcc.c.obj)
                0x0041025c                __Patchable
                0x00410400                        . = ALIGN (0x4)
                0x00410400                        _etext = .

.glue_7         0x00410400        0x0
 .glue_7        0x00410400        0x0 linker stubs

.glue_7t        0x00410400        0x0
 .glue_7t       0x00410400        0x0 linker stubs

.vfp11_veneer   0x00410400        0x0
 .vfp11_veneer  0x00410400        0x0 linker stubs

.v4_bx          0x00410400        0x0
 .v4_bx         0x00410400        0x0 linker stubs

.iplt           0x00410400        0x0
 .iplt          0x00410400        0x0 CMakeFiles/power_benchmark.dir/src/main.c.obj

.itcm_text      0x00000000     0x2458 load address 0x00410400
                0x00000000                        . = ALIGN (0x4)
                0x00000000                        _s_itcm_text = .
 *(.itcm_text)
 .itcm_text     0x00000000       0x30 CMakeFiles/power_benchmark.dir/src/main.c.obj
 .itcm_text     0x00000030       0x1c /Users/adampage/Ambiq/neuralspot/neuralspotx/examples/power_benchmark/modules/nsx-ambiqsuite-r5/sdk/lib/apollo510/libam_hal.a(am_hal_utils.o)
                0x00000030                br_util_delay_cycles
                0x00000038                internal_hal_read_word
                0x0000003c                internal_hal_read_words
 *(.itcm_text*)
 *core_main*(.text .text* .rodata .rodata*)
 .text.iterate  0x0000004c       0x6c CMakeFiles/power_benchmark.dir/src/coremark/core_main.c.obj
                0x0000004c                iterate
 .rodata.coremark_main.str1.4
                0x000000b8      0x4bd CMakeFiles/power_benchmark.dir/src/coremark/core_main.c.obj
                                0x415 (size before relaxing)
 *fill*         0x00000575        0x3 
 .text.coremark_main
                0x00000578      0x6cc CMakeFiles/power_benchmark.dir/src/coremark/core_main.c.obj
                0x00000578                coremark_main
 *core_list_join*(.text .text* .rodata .rodata*)
 .text.cmp_complex
                0x00000c44      0x12c CMakeFiles/power_benchmark.dir/src/coremark/core_list_join.c.obj
                0x00000c44                cmp_complex
 .text.core_bench_list
                0x00000d70      0x3ec CMakeFiles/power_benchmark.dir/src/coremark/core_list_join.c.obj
                0x00000d70                core_bench_list
 .text.core_list_init
                0x0000115c      0x218 CMakeFiles/power_benchmark.dir/src/coremark/core_list_join.c.obj
                0x0000115c                core_list_init
 *core_matrix*(.text .text* .rodata .rodata*)
 .text.matrix_test
                0x00001374      0x560 CMakeFiles/power_benchmark.dir/src/coremark/core_matrix.c.obj
                0x00001374                matrix_test
 .text.core_bench_matrix
                0x000018d4       0x20 CMakeFiles/power_benchmark.dir/src/coremark/core_matrix.c.obj
                0x000018d4                core_bench_matrix
 .text.core_init_matrix
                0x000018f4       0xe4 CMakeFiles/power_benchmark.dir/src/coremark/core_matrix.c.obj
                0x000018f4                core_init_matrix
 *core_state*(.text .text* .rodata .rodata*)
 .text.core_init_state
                0x000019d8      0x134 CMakeFiles/power_benchmark.dir/src/coremark/core_state.c.obj
                0x000019d8                core_init_state
 .text.core_state_transition
                0x00001b0c      0x1b8 CMakeFiles/power_benchmark.dir/src/coremark/core_state.c.obj
                0x00001b0c                core_state_transition
 .text.core_bench_state
                0x00001cc4      0x148 CMakeFiles/power_benchmark.dir/src/coremark/core_state.c.obj
                0x00001cc4                core_bench_state
 .rodata.str1.4
                0x00001e0c       0xad CMakeFiles/power_benchmark.dir/src/coremark/core_state.c.obj
 *fill*         0x00001e0c        0x4 
 .rodata.errpat
                0x00001e10       0x10 CMakeFiles/power_benchmark.dir/src/coremark/core_state.c.obj
 .rodata.scipat
                0x00001e20       0x10 CMakeFiles/power_benchmark.dir/src/coremark/core_state.c.obj
 .rodata.floatpat
                0x00001e30       0x10 CMakeFiles/power_benchmark.dir/src/coremark/core_state.c.obj
 .rodata.intpat
                0x00001e40       0x10 CMakeFiles/power_benchmark.dir/src/coremark/core_state.c.obj
 *core_util*(.text .text* .rodata .rodata*)
 .text.get_seed_32
                0x00001e50       0x48 CMakeFiles/power_benchmark.dir/src/coremark/core_util.c.obj
                0x00001e50                get_seed_32
 .text.crcu16   0x00001e98      0x16c CMakeFiles/power_benchmark.dir/src/coremark/core_util.c.obj
                0x00001e98                crcu16
 .text.crcu32   0x00002004      0x2e0 CMakeFiles/power_benchmark.dir/src/coremark/core_util.c.obj
                0x00002004                crcu32
 .text.crc16    0x000022e4      0x170 CMakeFiles/power_benchmark.dir/src/coremark/core_util.c.obj
                0x000022e4                crc16
 .text.check_data_types
                0x00002454        0x4 CMakeFiles/power_benchmark.dir/src/coremark/core_util.c.obj
                0x00002454                check_data_types
                0x00002458                        . = ALIGN (0x4)
                0x00002458                        _e_itcm_text = .

.text_mram      0x00412858     0xc228
                0x00412858                        . = ALIGN (0x4)
 *(.text)
 .text          0x00412858       0x30 /Applications/ArmGNUToolchain/14.3.rel1/arm-none-eabi/bin/../lib/gcc/arm-none-eabi/14.3.1/thumb/v8-m.main+dp/hard/libgcc.a(_aeabi_uldivmod.o)
                0x00412858                __aeabi_uldivmod
 .text          0x00412888        0x4 /Applications/ArmGNUToolchain/14.3.rel1/arm-none-eabi/bin/../lib/gcc/arm-none-eabi/14.3.1/thumb/v8-m.main+dp/hard/libgcc.a(_dvmd_tls.o)
                0x00412888                __aeabi_ldiv0
                0x00412888                __aeabi_idiv0
 *(.text*)
 .text.startup.main
                0x0041288c       0x88 CMakeFiles/power_benchmark.dir/src/main.c.obj
                0x0041288c                main
 .text.start_time
                0x00412914       0x1c CMakeFiles/power_benchmark.dir/src/core_portme.c.obj
                0x00412914                start_time
 .text.stop_time
                0x00412930       0x18 CMakeFiles/power_benchmark.dir/src/core_portme.c.obj
                0x00412930                stop_time
 .text.get_time
                0x00412948       0x14 CMakeFiles/power_benchmark.dir/src/core_portme.c.obj
                0x00412948                get_time
 *fill*         0x0041295c        0x4 
 .text.time_in_secs
                0x00412960       0x20 CMakeFiles/power_benchmark.dir/src/core_portme.c.obj
                0x00412960                time_in_secs
 .text.ee_printf
                0x00412980       0x30 CMakeFiles/power_benchmark.dir/src/core_portme.c.obj
                0x00412980                ee_printf
 .text.portable_init
                0x004129b0       0x20 CMakeFiles/power_benchmark.dir/src/core_portme.c.obj
                0x004129b0                portable_init
 .text.portable_fini
                0x004129d0       0x1c CMakeFiles/power_benchmark.dir/src/core_portme.c.obj
                0x004129d0                portable_fini
 .text.ns_power_shutdown_peripherals
                0x004129ec       0x30 _nsx/nsx_power/libnsx_power.a(ns_power.c.obj)
                0x004129ec                ns_power_shutdown_peripherals
 .text.ns_power_minimize_memory
                0x00412a1c       0x58 _nsx/nsx_power/libnsx_power.a(ns_power.c.obj)
                0x00412a1c                ns_power_minimize_memory
 .text.ns_power_disable_nvm
                0x00412a74       0x20 _nsx/nsx_power/libnsx_power.a(ns_power.c.obj)
                0x00412a74                ns_power_disable_nvm
 .text.ns_power_disable_debug
                0x00412a94       0x10 _nsx/nsx_power/libnsx_power.a(ns_power.c.obj)
                0x00412a94                ns_power_disable_debug
 .text.ns_power_tristate_gpios
                0x00412aa4       0x4c _nsx/nsx_power/libnsx_power.a(ns_power.c.obj)
                0x00412aa4                ns_power_tristate_gpios
 .text.NMI_Handler
                0x00412af0        0x4 _nsx/nsx_cmsis_startup/libnsx_startup.a(startup_gcc.c.obj)
                0x00412af0                NMI_Handler
 .text.HardFault_Handler
                0x00412af4        0x4 _nsx/nsx_cmsis_startup/libnsx_startup.a(startup_gcc.c.obj)
                0x00412af4                HardFault_Handler
                0x00412af4                UsageFault_Handler
                0x00412af4                MemManage_Handler
                0x00412af4                BusFault_Handler
 .text.am_default_isr
                0x00412af8        0x4 _nsx/nsx_cmsis_startup/libnsx_startup.a(startup_gcc.c.obj)
                0x00412af8                am_gpu_isr
                0x00412af8                DebugMon_Handler
                0x00412af8                am_sdio0_isr
                0x00412af8                am_iomaster4_isr
                0x00412af8                am_gpio1_203f_isr
                0x00412af8                am_timer00_isr
                0x00412af8                am_ioslave_fd0_acc_isr
                0x00412af8                am_dspi2s1_isr
                0x00412af8                SysTick_Handler
                0x00412af8                PendSV_Handler
                0x00412af8                am_rtc_isr
                0x00412af8                am_stimer_cmpr3_isr
                0x00412af8                am_adc_isr
                0x00412af8                am_gpio0_e0ff_isr
                0x00412af8                am_iomaster3_isr
                0x00412af8                am_clkgen_isr
                0x00412af8                FloatingPoint_Handler
                0x00412af8                am_stimerof_isr
                0x00412af8                am_timer14_isr
                0x00412af8                am_software0_isr
                0x00412af8                am_gpio0_001f_isr
                0x00412af8                am_cachecpu_isr
                0x00412af8                am_dspi2s0_isr
                0x00412af8                am_stimer_cmpr5_isr
                0x00412af8                am_iomaster5_isr
                0x00412af8                am_pdm0_isr
                0x00412af8                am_uart_isr
                0x00412af8                am_ctimer_isr
                0x00412af8                am_gpio0_607f_isr
                0x00412af8                am_gpio1_607f_isr
                0x00412af8                am_dsi_isr
                0x00412af8                am_disp_isr
                0x00412af8                am_audadc0_isr
                0x00412af8                am_ioslave_acc_isr
                0x00412af8                am_mspi0_isr
                0x00412af8                am_ioslave_fd0_isr
                0x00412af8                am_timer10_isr
                0x00412af8                am_software1_isr
                0x00412af8                am_timer05_isr
                0x00412af8                am_sdio1_isr
                0x00412af8                am_usb_isr
                0x00412af8                am_gpio0_809f_isr
                0x00412af8                am_stimer_cmpr6_isr
                0x00412af8                am_gpio1_405f_isr
                0x00412af8                am_iomaster7_isr
                0x00412af8                SecureFault_Handler
                0x00412af8                am_iomaster1_isr
                0x00412af8                am_timer06_isr
                0x00412af8                am_brownout_isr
                0x00412af8                am_timer13_isr
                0x00412af8                am_otp_isr
                0x00412af8                am_vcomp_isr
                0x00412af8                am_stimer_cmpr1_isr
                0x00412af8                am_timer07_isr
                0x00412af8                am_mspi3_isr
                0x00412af8                am_cryptosec_isr
                0x00412af8                am_uart2_isr
                0x00412af8                am_iomaster2_isr
                0x00412af8                am_mspi2_isr
                0x00412af8                am_ioslave_fd1_isr
                0x00412af8                am_ioslave_fd1_acc_isr
                0x00412af8                am_gpio1_809f_isr
                0x00412af8                SVC_Handler
                0x00412af8                am_iomaster6_isr
                0x00412af8                am_timer11_isr
                0x00412af8                am_gpio0_a0bf_isr
                0x00412af8                am_stimer_cmpr2_isr
                0x00412af8                am_ioslave_ios_isr
                0x00412af8                am_gpio0_405f_isr
                0x00412af8                am_mspi1_isr
                0x00412af8                am_gpio1_001f_isr
                0x00412af8                am_uart1_isr
                0x00412af8                am_stimer_cmpr7_isr
                0x00412af8                am_uart3_isr
                0x00412af8                am_watchdog_isr
                0x00412af8                am_stimer_cmpr0_isr
                0x00412af8                am_timer12_isr
                0x00412af8                am_software3_isr
                0x00412af8                am_gpio1_a0bf_isr
                0x00412af8                am_iomaster0_isr
                0x00412af8                am_software2_isr
                0x00412af8                am_gpio1_c0df_isr
                0x00412af8                am_stimer_cmpr4_isr
                0x00412af8                am_timer09_isr
                0x00412af8                am_gpio0_c0df_isr
                0x00412af8                am_default_isr
                0x00412af8                am_timer08_isr
 .text.Reset_Handler
                0x00412afc       0xd8 _nsx/nsx_cmsis_startup/libnsx_startup.a(startup_gcc.c.obj)
                0x00412afc                Reset_Handler
 .text._init    0x00412bd4        0x4 _nsx/nsx_cmsis_startup/libnsx_startup.a(startup_gcc.c.obj)
                0x00412bd4                _init
 .text._fini    0x00412bd8        0x4 _nsx/nsx_cmsis_startup/libnsx_startup.a(startup_gcc.c.obj)
                0x00412bd8                _fini
 .text.SystemInit
                0x00412bdc       0x50 _nsx/nsx_cmsis_startup/libnsx_startup.a(system_apollo510.c.obj)
                0x00412bdc                SystemInit
 .text.ns_init_power_monitor_state
                0x00412c2c       0x40 _nsx/nsx_utils/libnsx_utils.a(ns_energy_monitor.c.obj)
                0x00412c2c                ns_init_power_monitor_state
 .text.ns_timer_init
                0x00412c6c       0x48 _nsx/nsx_utils/libnsx_utils.a(ns_timer.c.obj)
                0x00412c6c                ns_timer_init
 .text.am_timer01_isr
                0x00412cb4       0x28 _nsx/nsx_utils/libnsx_utils.a(ns_timer_ap5.c.obj)
                0x00412cb4                am_timer01_isr
 .text.am_timer02_isr
                0x00412cdc       0x28 _nsx/nsx_utils/libnsx_utils.a(ns_timer_ap5.c.obj)
                0x00412cdc                am_timer02_isr
 .text.am_timer03_isr
                0x00412d04       0x28 _nsx/nsx_utils/libnsx_utils.a(ns_timer_ap5.c.obj)
                0x00412d04                am_timer03_isr
 .text.am_timer04_isr
                0x00412d2c       0x28 _nsx/nsx_utils/libnsx_utils.a(ns_timer_ap5.c.obj)
                0x00412d2c                am_timer04_isr
 .text.ns_timer_platform_init
                0x00412d54       0xa4 _nsx/nsx_utils/libnsx_utils.a(ns_timer_ap5.c.obj)
                0x00412d54                ns_timer_platform_init
 .text.ns_us_ticker_read
                0x00412df8       0x20 _nsx/nsx_utils/libnsx_utils.a(ns_timer_ap5.c.obj)
                0x00412df8                ns_us_ticker_read
 .text.ns_timer_clear
                0x00412e18       0x14 _nsx/nsx_utils/libnsx_utils.a(ns_timer_ap5.c.obj)
                0x00412e18                ns_timer_clear
 .text.ns_core_check_api
                0x00412e2c       0x8c _nsx/nsx_core/libnsx_core.a(ns_core.c.obj)
                0x00412e2c                ns_core_check_api
 .text.ns_core_init
                0x00412eb8       0x60 _nsx/nsx_core/libnsx_core.a(ns_core.c.obj)
                0x00412eb8                ns_core_init
 .text.am_gpio0_203f_isr
                0x00412f18       0x34 _nsx/nsx_core/libnsx_core.a(ns_core.c.obj)
                0x00412f18                am_gpio0_203f_isr
 .text.nsx_system_init
                0x00412f4c       0x70 _nsx/nsx_core/libnsx_core.a(nsx_system.c.obj)
                0x00412f4c                nsx_system_init
 .text.nsx_platform_hw_init
                0x00412fbc        0xc _nsx/nsx_core/libnsx_core.a(nsx_system_platform.c.obj)
                0x00412fbc                nsx_platform_hw_init
 .text.nsx_platform_minimal_hw_init
                0x00412fc8       0x2c _nsx/nsx_core/libnsx_core.a(nsx_system_platform.c.obj)
                0x00412fc8                nsx_platform_minimal_hw_init
 .text.nsx_platform_set_perf_mode
                0x00412ff4       0x14 _nsx/nsx_core/libnsx_core.a(nsx_system_platform.c.obj)
                0x00412ff4                nsx_platform_set_perf_mode
 .text.nsx_platform_spot_mgr_profile
                0x00413008       0x18 _nsx/nsx_core/libnsx_core.a(nsx_system_platform.c.obj)
                0x00413008                nsx_platform_spot_mgr_profile
 .text.nsx_platform_debug_init
                0x00413020       0x9c _nsx/nsx_core/libnsx_core.a(nsx_system_platform.c.obj)
                0x00413020                nsx_platform_debug_init
 .text.am_bsp_uart_string_print
                0x004130bc       0x48 /Users/adampage/Ambiq/neuralspot/neuralspotx/examples/power_benchmark/modules/nsx-ambiqsuite-r5/sdk/lib/apollo510/evb/libam_bsp.a(am_bsp.o)
                0x004130bc                am_bsp_uart_string_print
 .text.am_bsp_low_power_init
                0x00413104       0x94 /Users/adampage/Ambiq/neuralspot/neuralspotx/examples/power_benchmark/modules/nsx-ambiqsuite-r5/sdk/lib/apollo510/evb/libam_bsp.a(am_bsp.o)
                0x00413104                am_bsp_low_power_init
 .text.am_bsp_itm_printf_disable
                0x00413198       0x50 /Users/adampage/Ambiq/neuralspot/neuralspotx/examples/power_benchmark/modules/nsx-ambiqsuite-r5/sdk/lib/apollo510/evb/libam_bsp.a(am_bsp.o)
                0x00413198                am_bsp_itm_printf_disable
 .text.am_bsp_uart_printf_enable
                0x004131e8       0x7c /Users/adampage/Ambiq/neuralspot/neuralspotx/examples/power_benchmark/modules/nsx-ambiqsuite-r5/sdk/lib/apollo510/evb/libam_bsp.a(am_bsp.o)
                0x004131e8                am_bsp_uart_printf_enable
 .text.divu64_10
                0x00413264       0xd8 _nsx/nsx_ambiq_hal_r5/libnsx_ambiq_hal.a(am_util_stdio.c.obj)
 .text.uint64_to_str
                0x0041333c      0x15c _nsx/nsx_ambiq_hal_r5/libnsx_ambiq_hal.a(am_util_stdio.c.obj)
 .text.am_util_stdio_printf_init
                0x00413498        0xc _nsx/nsx_ambiq_hal_r5/libnsx_ambiq_hal.a(am_util_stdio.c.obj)
                0x00413498                am_util_stdio_printf_init
 .text.am_util_stdio_vsprintf
                0x004134a4      0xaa8 _nsx/nsx_ambiq_hal_r5/libnsx_ambiq_hal.a(am_util_stdio.c.obj)
                0x004134a4                am_util_stdio_vsprintf
 .text.am_util_stdio_printf
                0x00413f4c       0x34 _nsx/nsx_ambiq_hal_r5/libnsx_ambiq_hal.a(am_util_stdio.c.obj)
                0x00413f4c                am_util_stdio_printf
 .text.am_util_delay_ms
                0x00413f80        0xc _nsx/nsx_ambiq_hal_r5/libnsx_ambiq_hal.a(am_util_delay.c.obj)
                0x00413f80                am_util_delay_ms
 .text.am_util_delay_us
                0x00413f8c        0x4 _nsx/nsx_ambiq_hal_r5/libnsx_ambiq_hal.a(am_util_delay.c.obj)
                0x00413f8c                am_util_delay_us
 .text.am_hal_cachectrl_icache_enable
                0x00413f90       0x44 /Users/adampage/Ambiq/neuralspot/neuralspotx/examples/power_benchmark/modules/nsx-ambiqsuite-r5/sdk/lib/apollo510/libam_hal.a(am_hal_cachectrl.o)
                0x00413f90                am_hal_cachectrl_icache_enable
 .text.am_hal_cachectrl_icache_disable
                0x00413fd4       0x34 /Users/adampage/Ambiq/neuralspot/neuralspotx/examples/power_benchmark/modules/nsx-ambiqsuite-r5/sdk/lib/apollo510/libam_hal.a(am_hal_cachectrl.o)
                0x00413fd4                am_hal_cachectrl_icache_disable
 .text.am_hal_cachectrl_dcache_enable
                0x00414008       0xf8 /Users/adampage/Ambiq/neuralspot/neuralspotx/examples/power_benchmark/modules/nsx-ambiqsuite-r5/sdk/lib/apollo510/libam_hal.a(am_hal_cachectrl.o)
                0x00414008                am_hal_cachectrl_dcache_enable
 .text.am_hal_cachectrl_dcache_invalidate
                0x00414100      0x12c /Users/adampage/Ambiq/neuralspot/neuralspotx/examples/power_benchmark/modules/nsx-ambiqsuite-r5/sdk/lib/apollo510/libam_hal.a(am_hal_cachectrl.o)
                0x00414100                am_hal_cachectrl_dcache_invalidate
 .text.am_hal_clkgen_hfrc2adj_ratio_calculate
                0x0041422c       0x34 /Users/adampage/Ambiq/neuralspot/neuralspotx/examples/power_benchmark/modules/nsx-ambiqsuite-r5/sdk/lib/apollo510/libam_hal.a(am_hal_clkgen.o)
                0x0041422c                am_hal_clkgen_hfrc2adj_ratio_calculate
 .text.am_hal_clkgen_hfrcadj_target_calculate
                0x00414260        0xc /Users/adampage/Ambiq/neuralspot/neuralspotx/examples/power_benchmark/modules/nsx-ambiqsuite-r5/sdk/lib/apollo510/libam_hal.a(am_hal_clkgen.o)
                0x00414260                am_hal_clkgen_hfrcadj_target_calculate
 .text.am_hal_clkgen_private_hfrc_force_on
                0x0041426c       0x14 /Users/adampage/Ambiq/neuralspot/neuralspotx/examples/power_benchmark/modules/nsx-ambiqsuite-r5/sdk/lib/apollo510/libam_hal.a(am_hal_clkgen.o)
                0x0041426c                am_hal_clkgen_private_hfrc_force_on
 .text.am_hal_clkgen_private_hfadj_apply
                0x00414280       0x10 /Users/adampage/Ambiq/neuralspot/neuralspotx/examples/power_benchmark/modules/nsx-ambiqsuite-r5/sdk/lib/apollo510/libam_hal.a(am_hal_clkgen.o)
                0x00414280                am_hal_clkgen_private_hfadj_apply
 .text.am_hal_clkgen_private_hfadj_disable
                0x00414290       0x10 /Users/adampage/Ambiq/neuralspot/neuralspotx/examples/power_benchmark/modules/nsx-ambiqsuite-r5/sdk/lib/apollo510/libam_hal.a(am_hal_clkgen.o)
                0x00414290                am_hal_clkgen_private_hfadj_disable
 .text.am_hal_clkgen_private_hfrc2_force_on
                0x004142a0       0x44 /Users/adampage/Ambiq/neuralspot/neuralspotx/examples/power_benchmark/modules/nsx-ambiqsuite-r5/sdk/lib/apollo510/libam_hal.a(am_hal_clkgen.o)
                0x004142a0                am_hal_clkgen_private_hfrc2_force_on
 .text.am_hal_clkgen_private_hf2adj_apply
                0x004142e4       0x44 /Users/adampage/Ambiq/neuralspot/neuralspotx/examples/power_benchmark/modules/nsx-ambiqsuite-r5/sdk/lib/apollo510/libam_hal.a(am_hal_clkgen.o)
                0x004142e4                am_hal_clkgen_private_hf2adj_apply
 .text.am_hal_clkgen_private_hf2adj_disable
                0x00414328       0x10 /Users/adampage/Ambiq/neuralspot/neuralspotx/examples/power_benchmark/modules/nsx-ambiqsuite-r5/sdk/lib/apollo510/libam_hal.a(am_hal_clkgen.o)
                0x00414328                am_hal_clkgen_private_hf2adj_disable
 .text.am_hal_clkmgr_request_XTAL_HS
                0x00414338      0x178 /Users/adampage/Ambiq/neuralspot/neuralspotx/examples/power_benchmark/modules/nsx-ambiqsuite-r5/sdk/lib/apollo510/libam_hal.a(am_hal_clkmgr.o)
 .text.am_hal_clkmgr_config_HFRC
                0x004144b0      0x1c0 /Users/adampage/Ambiq/neuralspot/neuralspotx/examples/power_benchmark/modules/nsx-ambiqsuite-r5/sdk/lib/apollo510/libam_hal.a(am_hal_clkmgr.o)
 .text.am_hal_clkmgr_clock_config
                0x00414670      0x5b0 /Users/adampage/Ambiq/neuralspot/neuralspotx/examples/power_benchmark/modules/nsx-ambiqsuite-r5/sdk/lib/apollo510/libam_hal.a(am_hal_clkmgr.o)
                0x00414670                am_hal_clkmgr_clock_config
 .text.am_hal_clkmgr_clock_request
                0x00414c20      0x934 /Users/adampage/Ambiq/neuralspot/neuralspotx/examples/power_benchmark/modules/nsx-ambiqsuite-r5/sdk/lib/apollo510/libam_hal.a(am_hal_clkmgr.o)
                0x00414c20                am_hal_clkmgr_clock_request
 .text.am_hal_clkmgr_clock_release
                0x00415554      0x2fc /Users/adampage/Ambiq/neuralspot/neuralspotx/examples/power_benchmark/modules/nsx-ambiqsuite-r5/sdk/lib/apollo510/libam_hal.a(am_hal_clkmgr.o)
                0x00415554                am_hal_clkmgr_clock_release
 .text.am_hal_clkmgr_clock_release_all
                0x00415850       0xbc /Users/adampage/Ambiq/neuralspot/neuralspotx/examples/power_benchmark/modules/nsx-ambiqsuite-r5/sdk/lib/apollo510/libam_hal.a(am_hal_clkmgr.o)
                0x00415850                am_hal_clkmgr_clock_release_all
 .text.am_hal_clkmgr_board_info_set
                0x0041590c       0x34 /Users/adampage/Ambiq/neuralspot/neuralspotx/examples/power_benchmark/modules/nsx-ambiqsuite-r5/sdk/lib/apollo510/libam_hal.a(am_hal_clkmgr.o)
                0x0041590c                am_hal_clkmgr_board_info_set
 .text.am_hal_dcu_update
                0x00415940       0xb4 /Users/adampage/Ambiq/neuralspot/neuralspotx/examples/power_benchmark/modules/nsx-ambiqsuite-r5/sdk/lib/apollo510/libam_hal.a(am_hal_dcu.o)
                0x00415940                am_hal_dcu_update
 .text.am_hal_debug_enable
                0x004159f4       0xd8 /Users/adampage/Ambiq/neuralspot/neuralspotx/examples/power_benchmark/modules/nsx-ambiqsuite-r5/sdk/lib/apollo510/libam_hal.a(am_hal_debug.o)
                0x004159f4                am_hal_debug_enable
 .text.am_hal_debug_disable
                0x00415acc       0xd0 /Users/adampage/Ambiq/neuralspot/neuralspotx/examples/power_benchmark/modules/nsx-ambiqsuite-r5/sdk/lib/apollo510/libam_hal.a(am_hal_debug.o)
                0x00415acc                am_hal_debug_disable
 .text.am_hal_debug_trace_disable
                0x00415b9c       0x60 /Users/adampage/Ambiq/neuralspot/neuralspotx/examples/power_benchmark/modules/nsx-ambiqsuite-r5/sdk/lib/apollo510/libam_hal.a(am_hal_debug.o)
                0x00415b9c                am_hal_debug_trace_disable
 .text.am_hal_gpio_pinconfig_get
                0x00415bfc       0x20 /Users/adampage/Ambiq/neuralspot/neuralspotx/examples/power_benchmark/modules/nsx-ambiqsuite-r5/sdk/lib/apollo510/libam_hal.a(am_hal_gpio.o)
                0x00415bfc                am_hal_gpio_pinconfig_get
 .text.am_hal_gpio_pinconfig
                0x00415c1c       0x90 /Users/adampage/Ambiq/neuralspot/neuralspotx/examples/power_benchmark/modules/nsx-ambiqsuite-r5/sdk/lib/apollo510/libam_hal.a(am_hal_gpio.o)
                0x00415c1c                am_hal_gpio_pinconfig
 .text.am_hal_gpio_state_write
                0x00415cac       0xe0 /Users/adampage/Ambiq/neuralspot/neuralspotx/examples/power_benchmark/modules/nsx-ambiqsuite-r5/sdk/lib/apollo510/libam_hal.a(am_hal_gpio.o)
                0x00415cac                am_hal_gpio_state_write
 .text.am_hal_gpio_interrupt_irq_status_get
                0x00415d8c       0x60 /Users/adampage/Ambiq/neuralspot/neuralspotx/examples/power_benchmark/modules/nsx-ambiqsuite-r5/sdk/lib/apollo510/libam_hal.a(am_hal_gpio.o)
                0x00415d8c                am_hal_gpio_interrupt_irq_status_get
 .text.am_hal_gpio_interrupt_irq_clear
                0x00415dec       0x34 /Users/adampage/Ambiq/neuralspot/neuralspotx/examples/power_benchmark/modules/nsx-ambiqsuite-r5/sdk/lib/apollo510/libam_hal.a(am_hal_gpio.o)
                0x00415dec                am_hal_gpio_interrupt_irq_clear
 .text.am_hal_gpio_interrupt_service
                0x00415e20       0x7c /Users/adampage/Ambiq/neuralspot/neuralspotx/examples/power_benchmark/modules/nsx-ambiqsuite-r5/sdk/lib/apollo510/libam_hal.a(am_hal_gpio.o)
                0x00415e20                am_hal_gpio_interrupt_service
 .text.am_hal_interrupt_master_disable
                0x00415e9c        0x8 /Users/adampage/Ambiq/neuralspot/neuralspotx/examples/power_benchmark/modules/nsx-ambiqsuite-r5/sdk/lib/apollo510/libam_hal.a(am_hal_interrupt.o)
                0x00415e9c                am_hal_interrupt_master_disable
 .text.am_hal_interrupt_master_set
                0x00415ea4        0x8 /Users/adampage/Ambiq/neuralspot/neuralspotx/examples/power_benchmark/modules/nsx-ambiqsuite-r5/sdk/lib/apollo510/libam_hal.a(am_hal_interrupt.o)
                0x00415ea4                am_hal_interrupt_master_set
 .text.am_hal_itm_disable
                0x00415eac       0x70 /Users/adampage/Ambiq/neuralspot/neuralspotx/examples/power_benchmark/modules/nsx-ambiqsuite-r5/sdk/lib/apollo510/libam_hal.a(am_hal_itm.o)
                0x00415eac                am_hal_itm_disable
 .text.am_hal_itm_print
                0x00415f1c       0x30 /Users/adampage/Ambiq/neuralspot/neuralspotx/examples/power_benchmark/modules/nsx-ambiqsuite-r5/sdk/lib/apollo510/libam_hal.a(am_hal_itm.o)
                0x00415f1c                am_hal_itm_print
 .text.am_hal_mcuctrl_control
                0x00415f4c      0x2c0 /Users/adampage/Ambiq/neuralspot/neuralspotx/examples/power_benchmark/modules/nsx-ambiqsuite-r5/sdk/lib/apollo510/libam_hal.a(am_hal_mcuctrl.o)
                0x00415f4c                am_hal_mcuctrl_control
 .text.am_hal_mcuctrl_extclk32m_status_get
                0x0041620c       0x20 /Users/adampage/Ambiq/neuralspot/neuralspotx/examples/power_benchmark/modules/nsx-ambiqsuite-r5/sdk/lib/apollo510/libam_hal.a(am_hal_mcuctrl.o)
                0x0041620c                am_hal_mcuctrl_extclk32m_status_get
 .text.am_hal_pwrctrl_mcu_mode_select
                0x0041622c      0x19c /Users/adampage/Ambiq/neuralspot/neuralspotx/examples/power_benchmark/modules/nsx-ambiqsuite-r5/sdk/lib/apollo510/libam_hal.a(am_hal_pwrctrl.o)
                0x0041622c                am_hal_pwrctrl_mcu_mode_select
 .text.am_hal_pwrctrl_gpu_mode_select
                0x004163c8       0xd8 /Users/adampage/Ambiq/neuralspot/neuralspotx/examples/power_benchmark/modules/nsx-ambiqsuite-r5/sdk/lib/apollo510/libam_hal.a(am_hal_pwrctrl.o)
                0x004163c8                am_hal_pwrctrl_gpu_mode_select
 .text.am_hal_pwrctrl_mcu_memory_config
                0x004164a0      0x190 /Users/adampage/Ambiq/neuralspot/neuralspotx/examples/power_benchmark/modules/nsx-ambiqsuite-r5/sdk/lib/apollo510/libam_hal.a(am_hal_pwrctrl.o)
                0x004164a0                am_hal_pwrctrl_mcu_memory_config
 .text.am_hal_pwrctrl_sram_config
                0x00416630       0xf8 /Users/adampage/Ambiq/neuralspot/neuralspotx/examples/power_benchmark/modules/nsx-ambiqsuite-r5/sdk/lib/apollo510/libam_hal.a(am_hal_pwrctrl.o)
                0x00416630                am_hal_pwrctrl_sram_config
 .text.am_hal_pwrctrl_periph_enable
                0x00416728      0x164 /Users/adampage/Ambiq/neuralspot/neuralspotx/examples/power_benchmark/modules/nsx-ambiqsuite-r5/sdk/lib/apollo510/libam_hal.a(am_hal_pwrctrl.o)
                0x00416728                am_hal_pwrctrl_periph_enable
 .text.am_hal_pwrctrl_periph_disable
                0x0041688c      0x1a8 /Users/adampage/Ambiq/neuralspot/neuralspotx/examples/power_benchmark/modules/nsx-ambiqsuite-r5/sdk/lib/apollo510/libam_hal.a(am_hal_pwrctrl.o)
                0x0041688c                am_hal_pwrctrl_periph_disable
 .text.am_hal_pwrctrl_periph_enabled
                0x00416a34       0x2c /Users/adampage/Ambiq/neuralspot/neuralspotx/examples/power_benchmark/modules/nsx-ambiqsuite-r5/sdk/lib/apollo510/libam_hal.a(am_hal_pwrctrl.o)
                0x00416a34                am_hal_pwrctrl_periph_enabled
 .text.am_hal_pwrctrl_low_power_init
                0x00416a60      0x42c /Users/adampage/Ambiq/neuralspot/neuralspotx/examples/power_benchmark/modules/nsx-ambiqsuite-r5/sdk/lib/apollo510/libam_hal.a(am_hal_pwrctrl.o)
                0x00416a60                am_hal_pwrctrl_low_power_init
 .text.buck_ldo_update_override
                0x00416e8c       0x20 /Users/adampage/Ambiq/neuralspot/neuralspotx/examples/power_benchmark/modules/nsx-ambiqsuite-r5/sdk/lib/apollo510/libam_hal.a(am_hal_pwrctrl.o)
                0x00416e8c                buck_ldo_update_override
 .text.am_hal_pwrctrl_control
                0x00416eac      0x1c0 /Users/adampage/Ambiq/neuralspot/neuralspotx/examples/power_benchmark/modules/nsx-ambiqsuite-r5/sdk/lib/apollo510/libam_hal.a(am_hal_pwrctrl.o)
                0x00416eac                am_hal_pwrctrl_control
 .text.am_hal_pwrctrl_pwrmodctl_cpdlp_config
                0x0041706c       0x40 /Users/adampage/Ambiq/neuralspot/neuralspotx/examples/power_benchmark/modules/nsx-ambiqsuite-r5/sdk/lib/apollo510/libam_hal.a(am_hal_pwrctrl.o)
                0x0041706c                am_hal_pwrctrl_pwrmodctl_cpdlp_config
 .text.am_hal_pwrctrl_temp_update
                0x004170ac       0x30 /Users/adampage/Ambiq/neuralspot/neuralspotx/examples/power_benchmark/modules/nsx-ambiqsuite-r5/sdk/lib/apollo510/libam_hal.a(am_hal_pwrctrl.o)
                0x004170ac                am_hal_pwrctrl_temp_update
 .text.am_hal_pwrctrl_syspll_enable
                0x004170dc       0x5c /Users/adampage/Ambiq/neuralspot/neuralspotx/examples/power_benchmark/modules/nsx-ambiqsuite-r5/sdk/lib/apollo510/libam_hal.a(am_hal_pwrctrl.o)
                0x004170dc                am_hal_pwrctrl_syspll_enable
 .text.am_hal_pwrctrl_syspll_disable
                0x00417138       0x50 /Users/adampage/Ambiq/neuralspot/neuralspotx/examples/power_benchmark/modules/nsx-ambiqsuite-r5/sdk/lib/apollo510/libam_hal.a(am_hal_pwrctrl.o)
                0x00417138                am_hal_pwrctrl_syspll_disable
 .text.am_hal_pwrctrl_syspll_enabled
                0x00417188       0x1c /Users/adampage/Ambiq/neuralspot/neuralspotx/examples/power_benchmark/modules/nsx-ambiqsuite-r5/sdk/lib/apollo510/libam_hal.a(am_hal_pwrctrl.o)
                0x00417188                am_hal_pwrctrl_syspll_enabled
 .text.am_hal_spotmgr_timer_init
                0x004171a4       0x48 /Users/adampage/Ambiq/neuralspot/neuralspotx/examples/power_benchmark/modules/nsx-ambiqsuite-r5/sdk/lib/apollo510/libam_hal.a(am_hal_spotmgr.o)
                0x004171a4                am_hal_spotmgr_timer_init
 .text.am_hal_spotmgr_timer_start
                0x004171ec       0x5c /Users/adampage/Ambiq/neuralspot/neuralspotx/examples/power_benchmark/modules/nsx-ambiqsuite-r5/sdk/lib/apollo510/libam_hal.a(am_hal_spotmgr.o)
                0x004171ec                am_hal_spotmgr_timer_start
 .text.am_hal_spotmgr_timer_restart
                0x00417248       0x60 /Users/adampage/Ambiq/neuralspot/neuralspotx/examples/power_benchmark/modules/nsx-ambiqsuite-r5/sdk/lib/apollo510/libam_hal.a(am_hal_spotmgr.o)
                0x00417248                am_hal_spotmgr_timer_restart
 .text.am_hal_spotmgr_timer_stop
                0x004172a8       0x4c /Users/adampage/Ambiq/neuralspot/neuralspotx/examples/power_benchmark/modules/nsx-ambiqsuite-r5/sdk/lib/apollo510/libam_hal.a(am_hal_spotmgr.o)
                0x004172a8                am_hal_spotmgr_timer_stop
 .text.am_hal_spotmgr_power_state_update
                0x004172f4       0x10 /Users/adampage/Ambiq/neuralspot/neuralspotx/examples/power_benchmark/modules/nsx-ambiqsuite-r5/sdk/lib/apollo510/libam_hal.a(am_hal_spotmgr.o)
                0x004172f4                am_hal_spotmgr_power_state_update
 .text.am_hal_spotmgr_tempco_postpone
                0x00417304       0x10 /Users/adampage/Ambiq/neuralspot/neuralspotx/examples/power_benchmark/modules/nsx-ambiqsuite-r5/sdk/lib/apollo510/libam_hal.a(am_hal_spotmgr.o)
                0x00417304                am_hal_spotmgr_tempco_postpone
 .text.am_hal_spotmgr_tempco_pending_handle
                0x00417314       0x10 /Users/adampage/Ambiq/neuralspot/neuralspotx/examples/power_benchmark/modules/nsx-ambiqsuite-r5/sdk/lib/apollo510/libam_hal.a(am_hal_spotmgr.o)
                0x00417314                am_hal_spotmgr_tempco_pending_handle
 .text.am_hal_spotmgr_simobuck_init_bfr_ovr
                0x00417324       0x10 /Users/adampage/Ambiq/neuralspot/neuralspotx/examples/power_benchmark/modules/nsx-ambiqsuite-r5/sdk/lib/apollo510/libam_hal.a(am_hal_spotmgr.o)
                0x00417324                am_hal_spotmgr_simobuck_init_bfr_ovr
 .text.am_hal_spotmgr_simobuck_init_bfr_enable
                0x00417334       0x10 /Users/adampage/Ambiq/neuralspot/neuralspotx/examples/power_benchmark/modules/nsx-ambiqsuite-r5/sdk/lib/apollo510/libam_hal.a(am_hal_spotmgr.o)
                0x00417334                am_hal_spotmgr_simobuck_init_bfr_enable
 .text.am_hal_spotmgr_simobuck_init_aft_enable
                0x00417344       0x10 /Users/adampage/Ambiq/neuralspot/neuralspotx/examples/power_benchmark/modules/nsx-ambiqsuite-r5/sdk/lib/apollo510/libam_hal.a(am_hal_spotmgr.o)
                0x00417344                am_hal_spotmgr_simobuck_init_aft_enable
 .text.am_hal_spotmgr_boost_timer_interrupt_service
                0x00417354       0x10 /Users/adampage/Ambiq/neuralspot/neuralspotx/examples/power_benchmark/modules/nsx-ambiqsuite-r5/sdk/lib/apollo510/libam_hal.a(am_hal_spotmgr.o)
                0x00417354                am_hal_spotmgr_boost_timer_interrupt_service
 .text.am_hal_spotmgr_ton_config_init
                0x00417364       0x10 /Users/adampage/Ambiq/neuralspot/neuralspotx/examples/power_benchmark/modules/nsx-ambiqsuite-r5/sdk/lib/apollo510/libam_hal.a(am_hal_spotmgr.o)
                0x00417364                am_hal_spotmgr_ton_config_init
 .text.am_hal_spotmgr_ton_config_update
                0x00417374       0x10 /Users/adampage/Ambiq/neuralspot/neuralspotx/examples/power_benchmark/modules/nsx-ambiqsuite-r5/sdk/lib/apollo510/libam_hal.a(am_hal_spotmgr.o)
                0x00417374                am_hal_spotmgr_ton_config_update
 .text.am_hal_spotmgr_post_lptohp_handle
                0x00417384       0x10 /Users/adampage/Ambiq/neuralspot/neuralspotx/examples/power_benchmark/modules/nsx-ambiqsuite-r5/sdk/lib/apollo510/libam_hal.a(am_hal_spotmgr.o)
                0x00417384                am_hal_spotmgr_post_lptohp_handle
 .text.am_hal_spotmgr_simobuck_lp_autosw_init
                0x00417394       0x10 /Users/adampage/Ambiq/neuralspot/neuralspotx/examples/power_benchmark/modules/nsx-ambiqsuite-r5/sdk/lib/apollo510/libam_hal.a(am_hal_spotmgr.o)
                0x00417394                am_hal_spotmgr_simobuck_lp_autosw_init
 .text.am_hal_spotmgr_init
                0x004173a4      0x3bc /Users/adampage/Ambiq/neuralspot/neuralspotx/examples/power_benchmark/modules/nsx-ambiqsuite-r5/sdk/lib/apollo510/libam_hal.a(am_hal_spotmgr.o)
                0x004173a4                am_hal_spotmgr_init
 .text.am_hal_spotmgr_profile_set
                0x00417760        0xc /Users/adampage/Ambiq/neuralspot/neuralspotx/examples/power_benchmark/modules/nsx-ambiqsuite-r5/sdk/lib/apollo510/libam_hal.a(am_hal_spotmgr.o)
                0x00417760                am_hal_spotmgr_profile_set
 .text.am_hal_spotmgr_pcm0_7_power_state_update
                0x0041776c      0x214 /Users/adampage/Ambiq/neuralspot/neuralspotx/examples/power_benchmark/modules/nsx-ambiqsuite-r5/sdk/lib/apollo510/libam_hal.a(am_hal_spotmgr_pcm0_7.o)
                0x0041776c                am_hal_spotmgr_pcm0_7_power_state_update
 .text.am_hal_spotmgr_pcm0_7_simobuck_init_bfr_enable
                0x00417980       0x30 /Users/adampage/Ambiq/neuralspot/neuralspotx/examples/power_benchmark/modules/nsx-ambiqsuite-r5/sdk/lib/apollo510/libam_hal.a(am_hal_spotmgr_pcm0_7.o)
                0x00417980                am_hal_spotmgr_pcm0_7_simobuck_init_bfr_enable
 .text.am_hal_spotmgr_pcm0_7_simobuck_init_aft_enable
                0x004179b0       0x24 /Users/adampage/Ambiq/neuralspot/neuralspotx/examples/power_benchmark/modules/nsx-ambiqsuite-r5/sdk/lib/apollo510/libam_hal.a(am_hal_spotmgr_pcm0_7.o)
                0x004179b0                am_hal_spotmgr_pcm0_7_simobuck_init_aft_enable
 .text.am_hal_spotmgr_pcm0_7_ton_config_init
                0x004179d4       0xbc /Users/adampage/Ambiq/neuralspot/neuralspotx/examples/power_benchmark/modules/nsx-ambiqsuite-r5/sdk/lib/apollo510/libam_hal.a(am_hal_spotmgr_pcm0_7.o)
                0x004179d4                am_hal_spotmgr_pcm0_7_ton_config_init
 .text.am_hal_spotmgr_pcm0_7_ton_config_update
                0x00417a90      0x154 /Users/adampage/Ambiq/neuralspot/neuralspotx/examples/power_benchmark/modules/nsx-ambiqsuite-r5/sdk/lib/apollo510/libam_hal.a(am_hal_spotmgr_pcm0_7.o)
                0x00417a90                am_hal_spotmgr_pcm0_7_ton_config_update
 .text.am_hal_spotmgr_pcm0_7_init
                0x00417be4        0x4 /Users/adampage/Ambiq/neuralspot/neuralspotx/examples/power_benchmark/modules/nsx-ambiqsuite-r5/sdk/lib/apollo510/libam_hal.a(am_hal_spotmgr_pcm0_7.o)
                0x00417be4                am_hal_spotmgr_pcm0_7_init
 .text.am_hal_spotmgr_pcm2_0_power_state_update
                0x00417be8      0x6d4 /Users/adampage/Ambiq/neuralspot/neuralspotx/examples/power_benchmark/modules/nsx-ambiqsuite-r5/sdk/lib/apollo510/libam_hal.a(am_hal_spotmgr_pcm2_0.o)
                0x00417be8                am_hal_spotmgr_pcm2_0_power_state_update
 .text.am_hal_spotmgr_pcm2_0_tempco_postpone
                0x004182bc       0x10 /Users/adampage/Ambiq/neuralspot/neuralspotx/examples/power_benchmark/modules/nsx-ambiqsuite-r5/sdk/lib/apollo510/libam_hal.a(am_hal_spotmgr_pcm2_0.o)
                0x004182bc                am_hal_spotmgr_pcm2_0_tempco_postpone
 .text.am_hal_spotmgr_pcm2_0_tempco_pending_handle
                0x004182cc       0xb4 /Users/adampage/Ambiq/neuralspot/neuralspotx/examples/power_benchmark/modules/nsx-ambiqsuite-r5/sdk/lib/apollo510/libam_hal.a(am_hal_spotmgr_pcm2_0.o)
                0x004182cc                am_hal_spotmgr_pcm2_0_tempco_pending_handle
 .text.am_hal_spotmgr_pcm2_0_simobuck_init_bfr_enable
                0x00418380       0x30 /Users/adampage/Ambiq/neuralspot/neuralspotx/examples/power_benchmark/modules/nsx-ambiqsuite-r5/sdk/lib/apollo510/libam_hal.a(am_hal_spotmgr_pcm2_0.o)
                0x00418380                am_hal_spotmgr_pcm2_0_simobuck_init_bfr_enable
 .text.am_hal_spotmgr_pcm2_0_simobuck_init_aft_enable
                0x004183b0       0x28 /Users/adampage/Ambiq/neuralspot/neuralspotx/examples/power_benchmark/modules/nsx-ambiqsuite-r5/sdk/lib/apollo510/libam_hal.a(am_hal_spotmgr_pcm2_0.o)
                0x004183b0                am_hal_spotmgr_pcm2_0_simobuck_init_aft_enable
 .text.am_hal_spotmgr_pcm2_0_simobuck_lp_autosw_init
                0x004183d8       0x60 /Users/adampage/Ambiq/neuralspot/neuralspotx/examples/power_benchmark/modules/nsx-ambiqsuite-r5/sdk/lib/apollo510/libam_hal.a(am_hal_spotmgr_pcm2_0.o)
                0x004183d8                am_hal_spotmgr_pcm2_0_simobuck_lp_autosw_init
 .text.am_hal_spotmgr_pcm2_0_simobuck_lp_autosw_enable
                0x00418438       0x24 /Users/adampage/Ambiq/neuralspot/neuralspotx/examples/power_benchmark/modules/nsx-ambiqsuite-r5/sdk/lib/apollo510/libam_hal.a(am_hal_spotmgr_pcm2_0.o)
                0x00418438                am_hal_spotmgr_pcm2_0_simobuck_lp_autosw_enable
 .text.am_hal_spotmgr_pcm2_0_simobuck_lp_autosw_disable
                0x0041845c       0x24 /Users/adampage/Ambiq/neuralspot/neuralspotx/examples/power_benchmark/modules/nsx-ambiqsuite-r5/sdk/lib/apollo510/libam_hal.a(am_hal_spotmgr_pcm2_0.o)
                0x0041845c                am_hal_spotmgr_pcm2_0_simobuck_lp_autosw_disable
 .text.am_hal_spotmgr_pcm2_0_init
                0x00418480       0x90 /Users/adampage/Ambiq/neuralspot/neuralspotx/examples/power_benchmark/modules/nsx-ambiqsuite-r5/sdk/lib/apollo510/libam_hal.a(am_hal_spotmgr_pcm2_0.o)
                0x00418480                am_hal_spotmgr_pcm2_0_init
 .text.am_hal_spotmgr_pcm2_0_default_reset
                0x00418510        0x4 /Users/adampage/Ambiq/neuralspot/neuralspotx/examples/power_benchmark/modules/nsx-ambiqsuite-r5/sdk/lib/apollo510/libam_hal.a(am_hal_spotmgr_pcm2_0.o)
                0x00418510                am_hal_spotmgr_pcm2_0_default_reset
 .text.spotmgr_power_ton_adjust
                0x00418514      0x23c /Users/adampage/Ambiq/neuralspot/neuralspotx/examples/power_benchmark/modules/nsx-ambiqsuite-r5/sdk/lib/apollo510/libam_hal.a(am_hal_spotmgr_pcm2_1.o)
 .text.am_hal_spotmgr_pcm2_1_boost_timer_interrupt_service
                0x00418750       0xc4 /Users/adampage/Ambiq/neuralspot/neuralspotx/examples/power_benchmark/modules/nsx-ambiqsuite-r5/sdk/lib/apollo510/libam_hal.a(am_hal_spotmgr_pcm2_1.o)
                0x00418750                am_hal_spotmgr_pcm2_1_boost_timer_interrupt_service
 .text.am_hal_spotmgr_pcm2_1_power_state_update
                0x00418814      0xd88 /Users/adampage/Ambiq/neuralspot/neuralspotx/examples/power_benchmark/modules/nsx-ambiqsuite-r5/sdk/lib/apollo510/libam_hal.a(am_hal_spotmgr_pcm2_1.o)
                0x00418814                am_hal_spotmgr_pcm2_1_power_state_update
 .text.am_hal_spotmgr_pcm2_1_simobuck_init_bfr_ovr
                0x0041959c       0x18 /Users/adampage/Ambiq/neuralspot/neuralspotx/examples/power_benchmark/modules/nsx-ambiqsuite-r5/sdk/lib/apollo510/libam_hal.a(am_hal_spotmgr_pcm2_1.o)
                0x0041959c                am_hal_spotmgr_pcm2_1_simobuck_init_bfr_ovr
 .text.am_hal_spotmgr_pcm2_1_simobuck_init_bfr_enable
                0x004195b4       0x30 /Users/adampage/Ambiq/neuralspot/neuralspotx/examples/power_benchmark/modules/nsx-ambiqsuite-r5/sdk/lib/apollo510/libam_hal.a(am_hal_spotmgr_pcm2_1.o)
                0x004195b4                am_hal_spotmgr_pcm2_1_simobuck_init_bfr_enable
 .text.am_hal_spotmgr_pcm2_1_simobuck_init_aft_enable
                0x004195e4       0x3c /Users/adampage/Ambiq/neuralspot/neuralspotx/examples/power_benchmark/modules/nsx-ambiqsuite-r5/sdk/lib/apollo510/libam_hal.a(am_hal_spotmgr_pcm2_1.o)
                0x004195e4                am_hal_spotmgr_pcm2_1_simobuck_init_aft_enable
 .text.am_hal_spotmgr_pcm2_1_init
                0x00419620      0x154 /Users/adampage/Ambiq/neuralspot/neuralspotx/examples/power_benchmark/modules/nsx-ambiqsuite-r5/sdk/lib/apollo510/libam_hal.a(am_hal_spotmgr_pcm2_1.o)
                0x00419620                am_hal_spotmgr_pcm2_1_init
 .text.am_hal_spotmgr_pcm2_1_default_reset
                0x00419774       0x54 /Users/adampage/Ambiq/neuralspot/neuralspotx/examples/power_benchmark/modules/nsx-ambiqsuite-r5/sdk/lib/apollo510/libam_hal.a(am_hal_spotmgr_pcm2_1.o)
                0x00419774                am_hal_spotmgr_pcm2_1_default_reset
 .text.transition_sequence_24
                0x004197c8        0x4 /Users/adampage/Ambiq/neuralspot/neuralspotx/examples/power_benchmark/modules/nsx-ambiqsuite-r5/sdk/lib/apollo510/libam_hal.a(am_hal_spotmgr_pcm2_2.o)
 .text.spotmgr_power_ton_adjust
                0x004197cc       0xd0 /Users/adampage/Ambiq/neuralspot/neuralspotx/examples/power_benchmark/modules/nsx-ambiqsuite-r5/sdk/lib/apollo510/libam_hal.a(am_hal_spotmgr_pcm2_2.o)
 .text.transition_sequence_temp
                0x0041989c        0x4 /Users/adampage/Ambiq/neuralspot/neuralspotx/examples/power_benchmark/modules/nsx-ambiqsuite-r5/sdk/lib/apollo510/libam_hal.a(am_hal_spotmgr_pcm2_2.o)
 .text.transition_sequence_invalid
                0x004198a0        0x4 /Users/adampage/Ambiq/neuralspot/neuralspotx/examples/power_benchmark/modules/nsx-ambiqsuite-r5/sdk/lib/apollo510/libam_hal.a(am_hal_spotmgr_pcm2_2.o)
 .text.spotmgr_temperature_transition_separate
                0x004198a4      0x1e8 /Users/adampage/Ambiq/neuralspot/neuralspotx/examples/power_benchmark/modules/nsx-ambiqsuite-r5/sdk/lib/apollo510/libam_hal.a(am_hal_spotmgr_pcm2_2.o)
 .text.am_hal_spotmgr_pcm2_2_post_lptohp_handle
                0x00419a8c       0x6c /Users/adampage/Ambiq/neuralspot/neuralspotx/examples/power_benchmark/modules/nsx-ambiqsuite-r5/sdk/lib/apollo510/libam_hal.a(am_hal_spotmgr_pcm2_2.o)
                0x00419a8c                am_hal_spotmgr_pcm2_2_post_lptohp_handle
 .text.am_hal_spotmgr_pcm2_2_boost_timer_interrupt_service
                0x00419af8      0x17c /Users/adampage/Ambiq/neuralspot/neuralspotx/examples/power_benchmark/modules/nsx-ambiqsuite-r5/sdk/lib/apollo510/libam_hal.a(am_hal_spotmgr_pcm2_2.o)
                0x00419af8                am_hal_spotmgr_pcm2_2_boost_timer_interrupt_service
 .text.transition_sequence_22
                0x00419c74      0x148 /Users/adampage/Ambiq/neuralspot/neuralspotx/examples/power_benchmark/modules/nsx-ambiqsuite-r5/sdk/lib/apollo510/libam_hal.a(am_hal_spotmgr_pcm2_2.o)
 .text.transition_sequence_21
                0x00419dbc      0x15c /Users/adampage/Ambiq/neuralspot/neuralspotx/examples/power_benchmark/modules/nsx-ambiqsuite-r5/sdk/lib/apollo510/libam_hal.a(am_hal_spotmgr_pcm2_2.o)
 .text.transition_sequence_20
                0x00419f18       0xc0 /Users/adampage/Ambiq/neuralspot/neuralspotx/examples/power_benchmark/modules/nsx-ambiqsuite-r5/sdk/lib/apollo510/libam_hal.a(am_hal_spotmgr_pcm2_2.o)
 .text.transition_sequence_19
                0x00419fd8      0x134 /Users/adampage/Ambiq/neuralspot/neuralspotx/examples/power_benchmark/modules/nsx-ambiqsuite-r5/sdk/lib/apollo510/libam_hal.a(am_hal_spotmgr_pcm2_2.o)
 .text.transition_sequence_18
                0x0041a10c      0x1e0 /Users/adampage/Ambiq/neuralspot/neuralspotx/examples/power_benchmark/modules/nsx-ambiqsuite-r5/sdk/lib/apollo510/libam_hal.a(am_hal_spotmgr_pcm2_2.o)
 .text.transition_sequence_17
                0x0041a2ec      0x144 /Users/adampage/Ambiq/neuralspot/neuralspotx/examples/power_benchmark/modules/nsx-ambiqsuite-r5/sdk/lib/apollo510/libam_hal.a(am_hal_spotmgr_pcm2_2.o)
 .text.transition_sequence_16
                0x0041a430       0xe8 /Users/adampage/Ambiq/neuralspot/neuralspotx/examples/power_benchmark/modules/nsx-ambiqsuite-r5/sdk/lib/apollo510/libam_hal.a(am_hal_spotmgr_pcm2_2.o)
 .text.transition_sequence_15
                0x0041a518      0x108 /Users/adampage/Ambiq/neuralspot/neuralspotx/examples/power_benchmark/modules/nsx-ambiqsuite-r5/sdk/lib/apollo510/libam_hal.a(am_hal_spotmgr_pcm2_2.o)
 .text.transition_sequence_14
                0x0041a620       0xa8 /Users/adampage/Ambiq/neuralspot/neuralspotx/examples/power_benchmark/modules/nsx-ambiqsuite-r5/sdk/lib/apollo510/libam_hal.a(am_hal_spotmgr_pcm2_2.o)
 .text.transition_sequence_13
                0x0041a6c8      0x1e4 /Users/adampage/Ambiq/neuralspot/neuralspotx/examples/power_benchmark/modules/nsx-ambiqsuite-r5/sdk/lib/apollo510/libam_hal.a(am_hal_spotmgr_pcm2_2.o)
 .text.transition_sequence_12
                0x0041a8ac      0x104 /Users/adampage/Ambiq/neuralspot/neuralspotx/examples/power_benchmark/modules/nsx-ambiqsuite-r5/sdk/lib/apollo510/libam_hal.a(am_hal_spotmgr_pcm2_2.o)
 .text.transition_sequence_11
                0x0041a9b0      0x19c /Users/adampage/Ambiq/neuralspot/neuralspotx/examples/power_benchmark/modules/nsx-ambiqsuite-r5/sdk/lib/apollo510/libam_hal.a(am_hal_spotmgr_pcm2_2.o)
 .text.transition_sequence_8
                0x0041ab4c       0xa4 /Users/adampage/Ambiq/neuralspot/neuralspotx/examples/power_benchmark/modules/nsx-ambiqsuite-r5/sdk/lib/apollo510/libam_hal.a(am_hal_spotmgr_pcm2_2.o)
 .text.transition_sequence_7
                0x0041abf0      0x150 /Users/adampage/Ambiq/neuralspot/neuralspotx/examples/power_benchmark/modules/nsx-ambiqsuite-r5/sdk/lib/apollo510/libam_hal.a(am_hal_spotmgr_pcm2_2.o)
 .text.transition_sequence_6
                0x0041ad40       0xb0 /Users/adampage/Ambiq/neuralspot/neuralspotx/examples/power_benchmark/modules/nsx-ambiqsuite-r5/sdk/lib/apollo510/libam_hal.a(am_hal_spotmgr_pcm2_2.o)
 .text.transition_sequence_5
                0x0041adf0      0x188 /Users/adampage/Ambiq/neuralspot/neuralspotx/examples/power_benchmark/modules/nsx-ambiqsuite-r5/sdk/lib/apollo510/libam_hal.a(am_hal_spotmgr_pcm2_2.o)
 .text.transition_sequence_4
                0x0041af78       0xf4 /Users/adampage/Ambiq/neuralspot/neuralspotx/examples/power_benchmark/modules/nsx-ambiqsuite-r5/sdk/lib/apollo510/libam_hal.a(am_hal_spotmgr_pcm2_2.o)
 .text.transition_sequence_3
                0x0041b06c       0xfc /Users/adampage/Ambiq/neuralspot/neuralspotx/examples/power_benchmark/modules/nsx-ambiqsuite-r5/sdk/lib/apollo510/libam_hal.a(am_hal_spotmgr_pcm2_2.o)
 .text.transition_sequence_2
                0x0041b168      0x110 /Users/adampage/Ambiq/neuralspot/neuralspotx/examples/power_benchmark/modules/nsx-ambiqsuite-r5/sdk/lib/apollo510/libam_hal.a(am_hal_spotmgr_pcm2_2.o)
 .text.transition_sequence_1
                0x0041b278      0x1dc /Users/adampage/Ambiq/neuralspot/neuralspotx/examples/power_benchmark/modules/nsx-ambiqsuite-r5/sdk/lib/apollo510/libam_hal.a(am_hal_spotmgr_pcm2_2.o)
 .text.transition_sequence_0
                0x0041b454      0x1b4 /Users/adampage/Ambiq/neuralspot/neuralspotx/examples/power_benchmark/modules/nsx-ambiqsuite-r5/sdk/lib/apollo510/libam_hal.a(am_hal_spotmgr_pcm2_2.o)
 .text.transition_sequence_9
                0x0041b608       0xb0 /Users/adampage/Ambiq/neuralspot/neuralspotx/examples/power_benchmark/modules/nsx-ambiqsuite-r5/sdk/lib/apollo510/libam_hal.a(am_hal_spotmgr_pcm2_2.o)
 .text.transition_sequence_10
                0x0041b6b8       0xa4 /Users/adampage/Ambiq/neuralspot/neuralspotx/examples/power_benchmark/modules/nsx-ambiqsuite-r5/sdk/lib/apollo510/libam_hal.a(am_hal_spotmgr_pcm2_2.o)
 .text.transition_sequence_23
                0x0041b75c       0xa4 /Users/adampage/Ambiq/neuralspot/neuralspotx/examples/power_benchmark/modules/nsx-ambiqsuite-r5/sdk/lib/apollo510/libam_hal.a(am_hal_spotmgr_pcm2_2.o)
 .text.am_hal_spotmgr_pcm2_2_power_state_update
                0x0041b800      0x9ac /Users/adampage/Ambiq/neuralspot/neuralspotx/examples/power_benchmark/modules/nsx-ambiqsuite-r5/sdk/lib/apollo510/libam_hal.a(am_hal_spotmgr_pcm2_2.o)
                0x0041b800                am_hal_spotmgr_pcm2_2_power_state_update
 .text.am_hal_spotmgr_pcm2_2_simobuck_init_aft_enable
                0x0041c1ac       0x4c /Users/adampage/Ambiq/neuralspot/neuralspotx/examples/power_benchmark/modules/nsx-ambiqsuite-r5/sdk/lib/apollo510/libam_hal.a(am_hal_spotmgr_pcm2_2.o)
                0x0041c1ac                am_hal_spotmgr_pcm2_2_simobuck_init_aft_enable
 .text.am_hal_spotmgr_pcm2_2_init
                0x0041c1f8       0x88 /Users/adampage/Ambiq/neuralspot/neuralspotx/examples/power_benchmark/modules/nsx-ambiqsuite-r5/sdk/lib/apollo510/libam_hal.a(am_hal_spotmgr_pcm2_2.o)
                0x0041c1f8                am_hal_spotmgr_pcm2_2_init
 .text.am_hal_spotmgr_pcm2_2_default_reset
                0x0041c280       0x54 /Users/adampage/Ambiq/neuralspot/neuralspotx/examples/power_benchmark/modules/nsx-ambiqsuite-r5/sdk/lib/apollo510/libam_hal.a(am_hal_spotmgr_pcm2_2.o)
                0x0041c280                am_hal_spotmgr_pcm2_2_default_reset
 .text.am_hal_stimer_is_running
                0x0041c2d4       0x30 /Users/adampage/Ambiq/neuralspot/neuralspotx/examples/power_benchmark/modules/nsx-ambiqsuite-r5/sdk/lib/apollo510/libam_hal.a(am_hal_stimer.o)
                0x0041c2d4                am_hal_stimer_is_running
 .text.am_hal_sysctrl_fpu_enable
                0x0041c304       0x1c /Users/adampage/Ambiq/neuralspot/neuralspotx/examples/power_benchmark/modules/nsx-ambiqsuite-r5/sdk/lib/apollo510/libam_hal.a(am_hal_sysctrl.o)
                0x0041c304                am_hal_sysctrl_fpu_enable
 .text.am_hal_sysctrl_fpu_stacking_enable
                0x0041c320       0x34 /Users/adampage/Ambiq/neuralspot/neuralspotx/examples/power_benchmark/modules/nsx-ambiqsuite-r5/sdk/lib/apollo510/libam_hal.a(am_hal_sysctrl.o)
                0x0041c320                am_hal_sysctrl_fpu_stacking_enable
 .text.am_hal_sysctrl_clkmuxrst_pll_fref_update
                0x0041c354       0x28 /Users/adampage/Ambiq/neuralspot/neuralspotx/examples/power_benchmark/modules/nsx-ambiqsuite-r5/sdk/lib/apollo510/libam_hal.a(am_hal_sysctrl.o)
                0x0041c354                am_hal_sysctrl_clkmuxrst_pll_fref_update
 .text.am_hal_sysctrl_clkmuxrst_low_power_init
                0x0041c37c      0x360 /Users/adampage/Ambiq/neuralspot/neuralspotx/examples/power_benchmark/modules/nsx-ambiqsuite-r5/sdk/lib/apollo510/libam_hal.a(am_hal_sysctrl.o)
                0x0041c37c                am_hal_sysctrl_clkmuxrst_low_power_init
 .text.am_hal_syspll_config_generate
                0x0041c6dc      0x37c /Users/adampage/Ambiq/neuralspot/neuralspotx/examples/power_benchmark/modules/nsx-ambiqsuite-r5/sdk/lib/apollo510/libam_hal.a(am_hal_syspll.o)
                0x0041c6dc                am_hal_syspll_config_generate
 .text.am_hal_syspll_config_generate_minFVCO
                0x0041ca58      0x2a0 /Users/adampage/Ambiq/neuralspot/neuralspotx/examples/power_benchmark/modules/nsx-ambiqsuite-r5/sdk/lib/apollo510/libam_hal.a(am_hal_syspll.o)
 .text.am_hal_syspll_config_generate_with_postdiv
                0x0041ccf8      0x130 /Users/adampage/Ambiq/neuralspot/neuralspotx/examples/power_benchmark/modules/nsx-ambiqsuite-r5/sdk/lib/apollo510/libam_hal.a(am_hal_syspll.o)
                0x0041ccf8                am_hal_syspll_config_generate_with_postdiv
 .text.am_hal_syspll_initialize
                0x0041ce28       0x40 /Users/adampage/Ambiq/neuralspot/neuralspotx/examples/power_benchmark/modules/nsx-ambiqsuite-r5/sdk/lib/apollo510/libam_hal.a(am_hal_syspll.o)
                0x0041ce28                am_hal_syspll_initialize
 .text.am_hal_syspll_deinitialize
                0x0041ce68       0x6c /Users/adampage/Ambiq/neuralspot/neuralspotx/examples/power_benchmark/modules/nsx-ambiqsuite-r5/sdk/lib/apollo510/libam_hal.a(am_hal_syspll.o)
                0x0041ce68                am_hal_syspll_deinitialize
 .text.am_hal_syspll_enable
                0x0041ced4       0x58 /Users/adampage/Ambiq/neuralspot/neuralspotx/examples/power_benchmark/modules/nsx-ambiqsuite-r5/sdk/lib/apollo510/libam_hal.a(am_hal_syspll.o)
                0x0041ced4                am_hal_syspll_enable
 .text.am_hal_syspll_disable
                0x0041cf2c       0x38 /Users/adampage/Ambiq/neuralspot/neuralspotx/examples/power_benchmark/modules/nsx-ambiqsuite-r5/sdk/lib/apollo510/libam_hal.a(am_hal_syspll.o)
                0x0041cf2c                am_hal_syspll_disable
 .text.am_hal_syspll_configure
                0x0041cf64      0x108 /Users/adampage/Ambiq/neuralspot/neuralspotx/examples/power_benchmark/modules/nsx-ambiqsuite-r5/sdk/lib/apollo510/libam_hal.a(am_hal_syspll.o)
                0x0041cf64                am_hal_syspll_configure
 .text.am_hal_syspll_lock_wait
                0x0041d06c       0x70 /Users/adampage/Ambiq/neuralspot/neuralspotx/examples/power_benchmark/modules/nsx-ambiqsuite-r5/sdk/lib/apollo510/libam_hal.a(am_hal_syspll.o)
                0x0041d06c                am_hal_syspll_lock_wait
 .text.am_hal_timer_config
                0x0041d0dc       0xac /Users/adampage/Ambiq/neuralspot/neuralspotx/examples/power_benchmark/modules/nsx-ambiqsuite-r5/sdk/lib/apollo510/libam_hal.a(am_hal_timer.o)
                0x0041d0dc                am_hal_timer_config
 .text.am_hal_timer_default_config_set
                0x0041d188       0x24 /Users/adampage/Ambiq/neuralspot/neuralspotx/examples/power_benchmark/modules/nsx-ambiqsuite-r5/sdk/lib/apollo510/libam_hal.a(am_hal_timer.o)
                0x0041d188                am_hal_timer_default_config_set
 .text.am_hal_timer_disable
                0x0041d1ac       0x60 /Users/adampage/Ambiq/neuralspot/neuralspotx/examples/power_benchmark/modules/nsx-ambiqsuite-r5/sdk/lib/apollo510/libam_hal.a(am_hal_timer.o)
                0x0041d1ac                am_hal_timer_disable
 .text.am_hal_timer_clear
                0x0041d20c       0x60 /Users/adampage/Ambiq/neuralspot/neuralspotx/examples/power_benchmark/modules/nsx-ambiqsuite-r5/sdk/lib/apollo510/libam_hal.a(am_hal_timer.o)
                0x0041d20c                am_hal_timer_clear
 .text.am_hal_timer_read
                0x0041d26c       0x34 /Users/adampage/Ambiq/neuralspot/neuralspotx/examples/power_benchmark/modules/nsx-ambiqsuite-r5/sdk/lib/apollo510/libam_hal.a(am_hal_timer.o)
                0x0041d26c                am_hal_timer_read
 .text.am_hal_timer_interrupt_enable
                0x0041d2a0       0x14 /Users/adampage/Ambiq/neuralspot/neuralspotx/examples/power_benchmark/modules/nsx-ambiqsuite-r5/sdk/lib/apollo510/libam_hal.a(am_hal_timer.o)
                0x0041d2a0                am_hal_timer_interrupt_enable
 .text.am_hal_timer_interrupt_clear
                0x0041d2b4       0x10 /Users/adampage/Ambiq/neuralspot/neuralspotx/examples/power_benchmark/modules/nsx-ambiqsuite-r5/sdk/lib/apollo510/libam_hal.a(am_hal_timer.o)
                0x0041d2b4                am_hal_timer_interrupt_clear
 .text.am_hal_tpiu_config
                0x0041d2c4       0x68 /Users/adampage/Ambiq/neuralspot/neuralspotx/examples/power_benchmark/modules/nsx-ambiqsuite-r5/sdk/lib/apollo510/libam_hal.a(am_hal_tpiu.o)
                0x0041d2c4                am_hal_tpiu_config
 .text.am_hal_tpiu_disable
                0x0041d32c       0x50 /Users/adampage/Ambiq/neuralspot/neuralspotx/examples/power_benchmark/modules/nsx-ambiqsuite-r5/sdk/lib/apollo510/libam_hal.a(am_hal_tpiu.o)
                0x0041d32c                am_hal_tpiu_disable
 .text.nonblocking_write_sm
                0x0041d37c      0x124 /Users/adampage/Ambiq/neuralspot/neuralspotx/examples/power_benchmark/modules/nsx-ambiqsuite-r5/sdk/lib/apollo510/libam_hal.a(am_hal_uart.o)
 .text.nonblocking_read_sm
                0x0041d4a0      0x140 /Users/adampage/Ambiq/neuralspot/neuralspotx/examples/power_benchmark/modules/nsx-ambiqsuite-r5/sdk/lib/apollo510/libam_hal.a(am_hal_uart.o)
 .text.am_hal_uart_initialize
                0x0041d5e0       0x78 /Users/adampage/Ambiq/neuralspot/neuralspotx/examples/power_benchmark/modules/nsx-ambiqsuite-r5/sdk/lib/apollo510/libam_hal.a(am_hal_uart.o)
                0x0041d5e0                am_hal_uart_initialize
 .text.am_hal_uart_power_control
                0x0041d658      0x140 /Users/adampage/Ambiq/neuralspot/neuralspotx/examples/power_benchmark/modules/nsx-ambiqsuite-r5/sdk/lib/apollo510/libam_hal.a(am_hal_uart.o)
                0x0041d658                am_hal_uart_power_control
 .text.am_hal_uart_configure
                0x0041d798      0x1f4 /Users/adampage/Ambiq/neuralspot/neuralspotx/examples/power_benchmark/modules/nsx-ambiqsuite-r5/sdk/lib/apollo510/libam_hal.a(am_hal_uart.o)
                0x0041d798                am_hal_uart_configure
 .text.am_hal_uart_transfer
                0x0041d98c      0x21c /Users/adampage/Ambiq/neuralspot/neuralspotx/examples/power_benchmark/modules/nsx-ambiqsuite-r5/sdk/lib/apollo510/libam_hal.a(am_hal_uart.o)
                0x0041d98c                am_hal_uart_transfer
 .text.am_hal_usb_phy_electrical_tuning_set
                0x0041dba8       0x64 /Users/adampage/Ambiq/neuralspot/neuralspotx/examples/power_benchmark/modules/nsx-ambiqsuite-r5/sdk/lib/apollo510/libam_hal.a(am_hal_usb.o)
                0x0041dba8                am_hal_usb_phy_electrical_tuning_set
 .text.am_hal_delay_us
                0x0041dc0c       0x64 /Users/adampage/Ambiq/neuralspot/neuralspotx/examples/power_benchmark/modules/nsx-ambiqsuite-r5/sdk/lib/apollo510/libam_hal.a(am_hal_utils.o)
                0x0041dc0c                am_hal_delay_us
 .text.am_hal_delay_us_status_change
                0x0041dc70       0x50 /Users/adampage/Ambiq/neuralspot/neuralspotx/examples/power_benchmark/modules/nsx-ambiqsuite-r5/sdk/lib/apollo510/libam_hal.a(am_hal_utils.o)
                0x0041dc70                am_hal_delay_us_status_change
 .text.am_hal_delay_us_status_check
                0x0041dcc0       0x70 /Users/adampage/Ambiq/neuralspot/neuralspotx/examples/power_benchmark/modules/nsx-ambiqsuite-r5/sdk/lib/apollo510/libam_hal.a(am_hal_utils.o)
                0x0041dcc0                am_hal_delay_us_status_check
 .text.am_hal_read_words
                0x0041dd30        0x4 /Users/adampage/Ambiq/neuralspot/neuralspotx/examples/power_benchmark/modules/nsx-ambiqsuite-r5/sdk/lib/apollo510/libam_hal.a(am_hal_utils.o)
                0x0041dd30                am_hal_read_words
 .text.am_hal_triple_read
                0x0041dd34       0x1c /Users/adampage/Ambiq/neuralspot/neuralspotx/examples/power_benchmark/modules/nsx-ambiqsuite-r5/sdk/lib/apollo510/libam_hal.a(am_hal_global.o)
                0x0041dd34                am_hal_triple_read
 .text.am_timer15_isr
                0x0041dd50        0x4 /Users/adampage/Ambiq/neuralspot/neuralspotx/examples/power_benchmark/modules/nsx-ambiqsuite-r5/sdk/lib/apollo510/libam_hal.a(am_hal_global.o)
                0x0041dd50                am_timer15_isr
 .text.am_hal_info1_read
                0x0041dd54       0xbc /Users/adampage/Ambiq/neuralspot/neuralspotx/examples/power_benchmark/modules/nsx-ambiqsuite-r5/sdk/lib/apollo510/libam_hal.a(am_hal_info.o)
                0x0041dd54                am_hal_info1_read
 .text.am_hal_queue_item_add
                0x0041de10       0x7c /Users/adampage/Ambiq/neuralspot/neuralspotx/examples/power_benchmark/modules/nsx-ambiqsuite-r5/sdk/lib/apollo510/libam_hal.a(am_hal_queue.o)
                0x0041de10                am_hal_queue_item_add
 .text.am_hal_queue_item_get
                0x0041de8c       0x7c /Users/adampage/Ambiq/neuralspot/neuralspotx/examples/power_benchmark/modules/nsx-ambiqsuite-r5/sdk/lib/apollo510/libam_hal.a(am_hal_queue.o)
                0x0041de8c                am_hal_queue_item_get
 .text.fmodf    0x0041df08       0x48 /Applications/ArmGNUToolchain/14.3.rel1/arm-none-eabi/bin/../lib/gcc/arm-none-eabi/14.3.1/../../../../arm-none-eabi/lib/thumb/v8-m.main+dp/hard/libm.a(libm_a-wf_fmod.o)
                0x0041df08                fmodf
 .text.__ieee754_fmodf
                0x0041df50      0x18c /Applications/ArmGNUToolchain/14.3.rel1/arm-none-eabi/bin/../lib/gcc/arm-none-eabi/14.3.1/../../../../arm-none-eabi/lib/thumb/v8-m.main+dp/hard/libm.a(libm_a-ef_fmod.o)
                0x0041df50                __ieee754_fmodf
 .text.memset   0x0041e0dc       0x9c /Applications/ArmGNUToolchain/14.3.rel1/arm-none-eabi/bin/../lib/gcc/arm-none-eabi/14.3.1/../../../../arm-none-eabi/lib/thumb/v8-m.main+dp/hard/libc.a(libc_a-memset.o)
                0x0041e0dc                memset
 .text.__errno  0x0041e178        0xc /Applications/ArmGNUToolchain/14.3.rel1/arm-none-eabi/bin/../lib/gcc/arm-none-eabi/14.3.1/../../../../arm-none-eabi/lib/thumb/v8-m.main+dp/hard/libc.a(libc_a-errno.o)
                0x0041e178                __errno
 .text.__libc_init_array
                0x0041e184       0x50 /Applications/ArmGNUToolchain/14.3.rel1/arm-none-eabi/bin/../lib/gcc/arm-none-eabi/14.3.1/../../../../arm-none-eabi/lib/thumb/v8-m.main+dp/hard/libc.a(libc_a-init.o)
                0x0041e184                __libc_init_array
 .text.strlen   0x0041e1d4       0x5c /Applications/ArmGNUToolchain/14.3.rel1/arm-none-eabi/bin/../lib/gcc/arm-none-eabi/14.3.1/../../../../arm-none-eabi/lib/thumb/v8-m.main+dp/hard/libc.a(libc_a-strlen-stub.o)
                0x0041e1d4                strlen
 .text.__udivmoddi4
                0x0041e230      0x34c /Applications/ArmGNUToolchain/14.3.rel1/arm-none-eabi/bin/../lib/gcc/arm-none-eabi/14.3.1/thumb/v8-m.main+dp/hard/libgcc.a(_udivmoddi4.o)
                0x0041e230                __udivmoddi4
 *(.rodata)
 .rodata        0x0041e57c        0x8 CMakeFiles/power_benchmark.dir/src/main.c.obj
 .rodata        0x0041e584       0x15 _nsx/nsx_power/libnsx_power.a(ns_power.c.obj)
 *fill*         0x0041e599        0x3 
 .rodata        0x0041e59c       0x14 /Users/adampage/Ambiq/neuralspot/neuralspotx/examples/power_benchmark/modules/nsx-ambiqsuite-r5/sdk/lib/apollo510/evb/libam_bsp.a(am_bsp.o)
 .rodata        0x0041e5b0       0x19 /Users/adampage/Ambiq/neuralspot/neuralspotx/examples/power_benchmark/modules/nsx-ambiqsuite-r5/sdk/lib/apollo510/libam_hal.a(am_hal_spotmgr_pcm2_2.o)
 *(.rodata*)
 *fill*         0x0041e5c9        0x3 
 .rodata.main.str1.4
                0x0041e5cc       0xc7 CMakeFiles/power_benchmark.dir/src/main.c.obj
                                 0x57 (size before relaxing)
 .rodata.ee_printf.str1.4
                0x0041e693        0x3 CMakeFiles/power_benchmark.dir/src/core_portme.c.obj
 .rodata.portable_init.str1.4
                0x0041e693       0x1f CMakeFiles/power_benchmark.dir/src/core_portme.c.obj
 .rodata.portable_fini.str1.4
                0x0041e693       0x1b CMakeFiles/power_benchmark.dir/src/core_portme.c.obj
 *fill*         0x0041e693        0x1 
 .rodata.ns_timer_current_version
                0x0041e694        0xc _nsx/nsx_utils/libnsx_utils.a(ns_timer.c.obj)
                0x0041e694                ns_timer_current_version
 .rodata.ns_timer_oldest_supported_version
                0x0041e6a0        0xc _nsx/nsx_utils/libnsx_utils.a(ns_timer.c.obj)
                0x0041e6a0                ns_timer_oldest_supported_version
 .rodata.ns_timer_V1_0_0
                0x0041e6ac        0xc _nsx/nsx_utils/libnsx_utils.a(ns_timer.c.obj)
                0x0041e6ac                ns_timer_V1_0_0
 .rodata.ns_timer_platform_init.str1.4
                0x0041e6b8       0x2f _nsx/nsx_utils/libnsx_utils.a(ns_timer_ap5.c.obj)
 .rodata.ns_core_V1_0_0
                0x0041e6b8        0xc _nsx/nsx_core/libnsx_core.a(ns_core.c.obj)
                0x0041e6b8                ns_core_V1_0_0
 .rodata.nsx_system_development
                0x0041e6c4        0x6 _nsx/nsx_core/libnsx_core.a(nsx_system.c.obj)
                0x0041e6c4                nsx_system_development
 *fill*         0x0041e6ca        0x2 
 .rodata.g_sBspUartConfig
                0x0041e6cc       0x10 /Users/adampage/Ambiq/neuralspot/neuralspotx/examples/power_benchmark/modules/nsx-ambiqsuite-r5/sdk/lib/apollo510/evb/libam_bsp.a(am_bsp.o)
 *fill*         0x0041e6dc        0x4 
 .rodata.g_ui32DSpintbl
                0x0041e6e0       0x1c /Users/adampage/Ambiq/neuralspot/neuralspotx/examples/power_benchmark/modules/nsx-ambiqsuite-r5/sdk/lib/apollo510/libam_hal.a(am_hal_gpio.o)
 *fill*         0x0041e6fc        0x4 
 .rodata.g_ui32CfgDSExt
                0x0041e700       0x1c /Users/adampage/Ambiq/neuralspot/neuralspotx/examples/power_benchmark/modules/nsx-ambiqsuite-r5/sdk/lib/apollo510/libam_hal.a(am_hal_gpio.o)
 .rodata.am_hal_gpio_pincfg_disabled
                0x0041e71c        0x4 /Users/adampage/Ambiq/neuralspot/neuralspotx/examples/power_benchmark/modules/nsx-ambiqsuite-r5/sdk/lib/apollo510/libam_hal.a(am_hal_gpio.o)
                0x0041e71c                am_hal_gpio_pincfg_disabled
 .rodata.am_hal_gpio_pincfg_output
                0x0041e720        0x4 /Users/adampage/Ambiq/neuralspot/neuralspotx/examples/power_benchmark/modules/nsx-ambiqsuite-r5/sdk/lib/apollo510/libam_hal.a(am_hal_gpio.o)
                0x0041e720                am_hal_gpio_pincfg_output
 .rodata.am_hal_gpio_pincfg_default
                0x0041e724        0x4 /Users/adampage/Ambiq/neuralspot/neuralspotx/examples/power_benchmark/modules/nsx-ambiqsuite-r5/sdk/lib/apollo510/libam_hal.a(am_hal_gpio.o)
                0x0041e724                am_hal_gpio_pincfg_default
 .rodata.g_DefaultSRAMCfg
                0x0041e728        0x5 /Users/adampage/Ambiq/neuralspot/neuralspotx/examples/power_benchmark/modules/nsx-ambiqsuite-r5/sdk/lib/apollo510/libam_hal.a(am_hal_pwrctrl.o)
                0x0041e728                g_DefaultSRAMCfg
 *fill*         0x0041e72d        0x3 
 .rodata.am_hal_pwrctrl_peripheral_control
                0x0041e730      0x220 /Users/adampage/Ambiq/neuralspot/neuralspotx/examples/power_benchmark/modules/nsx-ambiqsuite-r5/sdk/lib/apollo510/libam_hal.a(am_hal_pwrctrl.o)
                0x0041e730                am_hal_pwrctrl_peripheral_control
 .rodata.g_ui32PwrStVddfVoltLvl
                0x0041e950       0x50 /Users/adampage/Ambiq/neuralspot/neuralspotx/examples/power_benchmark/modules/nsx-ambiqsuite-r5/sdk/lib/apollo510/libam_hal.a(am_hal_spotmgr_pcm2_1.o)
 .rodata.g_ui32PwrStVddcVoltLvl
                0x0041e9a0       0x50 /Users/adampage/Ambiq/neuralspot/neuralspotx/examples/power_benchmark/modules/nsx-ambiqsuite-r5/sdk/lib/apollo510/libam_hal.a(am_hal_spotmgr_pcm2_1.o)
 .rodata.AM_HAL_SYSPLL_CFG_PTS_B
                0x0041e9f0       0x10 /Users/adampage/Ambiq/neuralspot/neuralspotx/examples/power_benchmark/modules/nsx-ambiqsuite-r5/sdk/lib/apollo510/libam_hal.a(am_hal_syspll.o)
                0x0041e9f0                AM_HAL_SYSPLL_CFG_PTS_B
 .rodata.AM_HAL_SYSPLL_CFG_PTS_A
                0x0041ea00       0x10 /Users/adampage/Ambiq/neuralspot/neuralspotx/examples/power_benchmark/modules/nsx-ambiqsuite-r5/sdk/lib/apollo510/libam_hal.a(am_hal_syspll.o)
                0x0041ea00                AM_HAL_SYSPLL_CFG_PTS_A
 .rodata.am_hal_syspll_postdiv_to_divider_table
                0x0041ea10       0x32 /Users/adampage/Ambiq/neuralspot/neuralspotx/examples/power_benchmark/modules/nsx-ambiqsuite-r5/sdk/lib/apollo510/libam_hal.a(am_hal_syspll.o)
 *fill*         0x0041ea42        0x2 
 .rodata.CSWTCH.9
                0x0041ea44       0x1c /Users/adampage/Ambiq/neuralspot/neuralspotx/examples/power_benchmark/modules/nsx-ambiqsuite-r5/sdk/lib/apollo510/libam_hal.a(am_hal_timer.o)
 .rodata.CSWTCH.22
                0x0041ea60       0x18 /Users/adampage/Ambiq/neuralspot/neuralspotx/examples/power_benchmark/modules/nsx-ambiqsuite-r5/sdk/lib/apollo510/libam_hal.a(am_hal_uart.o)
 .rodata.Zero   0x0041ea78        0x8 /Applications/ArmGNUToolchain/14.3.rel1/arm-none-eabi/bin/../lib/gcc/arm-none-eabi/14.3.1/../../../../arm-none-eabi/lib/thumb/v8-m.main+dp/hard/libm.a(libm_a-ef_fmod.o)
                0x0041ea80                        . = ALIGN (0x4)

.ARM.extab
 *(.ARM.extab* .gnu.linkonce.armextab.*)
                0x0041ea80                        __exidx_start = .

.ARM.exidx      0x0041ea80        0x8
 *(.ARM.exidx* .gnu.linkonce.armexidx.*)
 .ARM.exidx.text.__udivmoddi4
                0x0041ea80        0x8 /Applications/ArmGNUToolchain/14.3.rel1/arm-none-eabi/bin/../lib/gcc/arm-none-eabi/14.3.1/thumb/v8-m.main+dp/hard/libgcc.a(_udivmoddi4.o)
                0x0041ea88                        __exidx_end = .

.rel.dyn        0x0041ea88        0x0
 .rel.iplt      0x0041ea88        0x0 CMakeFiles/power_benchmark.dir/src/main.c.obj

.preinit_array  0x0041ea88        0x0
                0x0041ea88                        PROVIDE (__preinit_array_start = .)
 *(.preinit_array*)
                0x0041ea88                        PROVIDE (__preinit_array_end = .)

.init_array     0x0041ea88        0x0
                0x0041ea88                        PROVIDE (__init_array_start = .)
 *(SORT_BY_NAME(.init_array.*))
 *(.init_array*)
                0x0041ea88                        PROVIDE (__init_array_end = .)

.fini_array     0x0041ea88        0x0
                [!provide]                        PROVIDE (__fini_array_start = .)
 *(SORT_BY_NAME(.fini_array.*))
 *(.fini_array*)
                [!provide]                        PROVIDE (__fini_array_end = .)
                0x00410400                        _init_itcm_text = LOADADDR (.itcm_text)

.stack          0x20000000     0x4000
                0x20000000                        . = ALIGN (0x8)
 *(.stack)
 .stack         0x20000000     0x4000 _nsx/nsx_cmsis_startup/libnsx_startup.a(startup_gcc.c.obj)
 *(.stack*)
                0x20004000                        . = ALIGN (0x8)

.heap           0x20004000     0x1000
                0x20004000                        __heap_start__ = .
                0x20004000                        end = __heap_start__
                0x20004000                        _end = end
                0x20004000                        __end = end
 *(.heap)
 .heap          0x20004000     0x1000 _nsx/nsx_cmsis_startup/libnsx_startup.a(startup_gcc.c.obj)
                0x20005000                        __heap_end__ = .
                0x20005000                        __HeapLimit = __heap_end__

.data           0x20005000      0x308 load address 0x0041ea88
                0x20005000                        . = ALIGN (0x4)
                0x20005000                        _sdata = .
 *(.data)
 *(.data*)
 .data.default_num_contexts
                0x20005000        0x4 CMakeFiles/power_benchmark.dir/src/core_portme.c.obj
                0x20005000                default_num_contexts
 .data.s_timer_cfg
                0x20005004       0x10 CMakeFiles/power_benchmark.dir/src/core_portme.c.obj
 .data.seed3_volatile
                0x20005014        0x4 CMakeFiles/power_benchmark.dir/src/core_portme.c.obj
                0x20005014                seed3_volatile
 .data.SystemCoreClock
                0x20005018        0x4 _nsx/nsx_cmsis_startup/libnsx_startup.a(system_apollo510.c.obj)
                0x20005018                SystemCoreClock
 .data.g_AM_BSP_GPIO_COM_UART_RX
                0x2000501c        0x4 /Users/adampage/Ambiq/neuralspot/neuralspotx/examples/power_benchmark/modules/nsx-ambiqsuite-r5/sdk/lib/apollo510/evb/libam_bsp.a(am_bsp_pins.o)
                0x2000501c                g_AM_BSP_GPIO_COM_UART_RX
 .data.g_AM_BSP_GPIO_COM_UART_TX
                0x20005020        0x4 /Users/adampage/Ambiq/neuralspot/neuralspotx/examples/power_benchmark/modules/nsx-ambiqsuite-r5/sdk/lib/apollo510/evb/libam_bsp.a(am_bsp_pins.o)
                0x20005020                g_AM_BSP_GPIO_COM_UART_TX
 .data.g_PrefetchConfig
                0x20005024        0x3 /Users/adampage/Ambiq/neuralspot/neuralspotx/examples/power_benchmark/modules/nsx-ambiqsuite-r5/sdk/lib/apollo510/libam_hal.a(am_hal_cachectrl.o)
                0x20005024                g_PrefetchConfig
 .data.g_bClkMgrClkCfgValid_HFRC2
                0x20005027        0x1 /Users/adampage/Ambiq/neuralspot/neuralspotx/examples/power_benchmark/modules/nsx-ambiqsuite-r5/sdk/lib/apollo510/libam_hal.a(am_hal_clkmgr.o)
 .data.g_bClkMgrClkCfgValid_HFRC
                0x20005028        0x1 /Users/adampage/Ambiq/neuralspot/neuralspotx/examples/power_benchmark/modules/nsx-ambiqsuite-r5/sdk/lib/apollo510/libam_hal.a(am_hal_clkmgr.o)
 *fill*         0x20005029        0x3 
 .data.g_sClkMgrBoardInfo
                0x2000502c       0x14 /Users/adampage/Ambiq/neuralspot/neuralspotx/examples/power_benchmark/modules/nsx-ambiqsuite-r5/sdk/lib/apollo510/libam_hal.a(am_hal_clkmgr.o)
 .data.gpDcuLock
                0x20005040        0x4 /Users/adampage/Ambiq/neuralspot/neuralspotx/examples/power_benchmark/modules/nsx-ambiqsuite-r5/sdk/lib/apollo510/libam_hal.a(am_hal_dcu.o)
                0x20005040                gpDcuLock
 .data.gpDcuEnable
                0x20005044        0x4 /Users/adampage/Ambiq/neuralspot/neuralspotx/examples/power_benchmark/modules/nsx-ambiqsuite-r5/sdk/lib/apollo510/libam_hal.a(am_hal_dcu.o)
                0x20005044                gpDcuEnable
 .data.gDcuDisable
                0x20005048        0x8 /Users/adampage/Ambiq/neuralspot/neuralspotx/examples/power_benchmark/modules/nsx-ambiqsuite-r5/sdk/lib/apollo510/libam_hal.a(am_hal_dcu.o)
                0x20005048                gDcuDisable
 .data.gDcuEnable
                0x20005050        0x8 /Users/adampage/Ambiq/neuralspot/neuralspotx/examples/power_benchmark/modules/nsx-ambiqsuite-r5/sdk/lib/apollo510/libam_hal.a(am_hal_dcu.o)
                0x20005050                gDcuEnable
 .data.g_ui32xtalhscaptrim
                0x20005058        0x4 /Users/adampage/Ambiq/neuralspot/neuralspotx/examples/power_benchmark/modules/nsx-ambiqsuite-r5/sdk/lib/apollo510/libam_hal.a(am_hal_mcuctrl.o)
                0x20005058                g_ui32xtalhscaptrim
 .data.g_ui32xtalhscap2trim
                0x2000505c        0x4 /Users/adampage/Ambiq/neuralspot/neuralspotx/examples/power_benchmark/modules/nsx-ambiqsuite-r5/sdk/lib/apollo510/libam_hal.a(am_hal_mcuctrl.o)
                0x2000505c                g_ui32xtalhscap2trim
 .data.g_DefaultMcuMemCfg
                0x20005060        0x5 /Users/adampage/Ambiq/neuralspot/neuralspotx/examples/power_benchmark/modules/nsx-ambiqsuite-r5/sdk/lib/apollo510/libam_hal.a(am_hal_pwrctrl.o)
                0x20005060                g_DefaultMcuMemCfg
 *fill*         0x20005065        0x3 
 .data.g_ui32TrimVer
                0x20005068        0x4 /Users/adampage/Ambiq/neuralspot/neuralspotx/examples/power_benchmark/modules/nsx-ambiqsuite-r5/sdk/lib/apollo510/libam_hal.a(am_hal_pwrctrl.o)
                0x20005068                g_ui32TrimVer
 .data.g_eCurMcuPwrMode
                0x2000506c        0x1 /Users/adampage/Ambiq/neuralspot/neuralspotx/examples/power_benchmark/modules/nsx-ambiqsuite-r5/sdk/lib/apollo510/libam_hal.a(am_hal_pwrctrl.o)
                0x2000506c                g_eCurMcuPwrMode
 .data.g_bTempLessThan50C
                0x2000506d        0x1 /Users/adampage/Ambiq/neuralspot/neuralspotx/examples/power_benchmark/modules/nsx-ambiqsuite-r5/sdk/lib/apollo510/libam_hal.a(am_hal_spotmgr.o)
                0x2000506d                g_bTempLessThan50C
 .data.g_ui8VddfActHighTonTrim
                0x2000506e        0x1 /Users/adampage/Ambiq/neuralspot/neuralspotx/examples/power_benchmark/modules/nsx-ambiqsuite-r5/sdk/lib/apollo510/libam_hal.a(am_hal_spotmgr_pcm0_7.o)
 .data.g_ui8VddfActLowTonTrim
                0x2000506f        0x1 /Users/adampage/Ambiq/neuralspot/neuralspotx/examples/power_benchmark/modules/nsx-ambiqsuite-r5/sdk/lib/apollo510/libam_hal.a(am_hal_spotmgr_pcm0_7.o)
 .data.g_ui8VddcLvActHighTonTrim
                0x20005070        0x1 /Users/adampage/Ambiq/neuralspot/neuralspotx/examples/power_benchmark/modules/nsx-ambiqsuite-r5/sdk/lib/apollo510/libam_hal.a(am_hal_spotmgr_pcm0_7.o)
 .data.g_ui8VddcLvActLowTonTrim
                0x20005071        0x1 /Users/adampage/Ambiq/neuralspot/neuralspotx/examples/power_benchmark/modules/nsx-ambiqsuite-r5/sdk/lib/apollo510/libam_hal.a(am_hal_spotmgr_pcm0_7.o)
 .data.g_ui8VddcActHighTonTrim
                0x20005072        0x1 /Users/adampage/Ambiq/neuralspot/neuralspotx/examples/power_benchmark/modules/nsx-ambiqsuite-r5/sdk/lib/apollo510/libam_hal.a(am_hal_spotmgr_pcm0_7.o)
 .data.g_ui8VddcActLowTonTrim
                0x20005073        0x1 /Users/adampage/Ambiq/neuralspot/neuralspotx/examples/power_benchmark/modules/nsx-ambiqsuite-r5/sdk/lib/apollo510/libam_hal.a(am_hal_spotmgr_pcm0_7.o)
 .data.ui32BasePwrStateStatic.0
                0x20005074        0x4 /Users/adampage/Ambiq/neuralspot/neuralspotx/examples/power_benchmark/modules/nsx-ambiqsuite-r5/sdk/lib/apollo510/libam_hal.a(am_hal_spotmgr_pcm2_1.o)
 .data.ui32CurTonStateStatic.1
                0x20005078        0x4 /Users/adampage/Ambiq/neuralspot/neuralspotx/examples/power_benchmark/modules/nsx-ambiqsuite-r5/sdk/lib/apollo510/libam_hal.a(am_hal_spotmgr_pcm2_1.o)
 .data.g_ui32CurPowerStateStatic
                0x2000507c        0x4 /Users/adampage/Ambiq/neuralspot/neuralspotx/examples/power_benchmark/modules/nsx-ambiqsuite-r5/sdk/lib/apollo510/libam_hal.a(am_hal_spotmgr_pcm2_1.o)
 .data.ui32CurTonStateStatic.0
                0x20005080        0x4 /Users/adampage/Ambiq/neuralspot/neuralspotx/examples/power_benchmark/modules/nsx-ambiqsuite-r5/sdk/lib/apollo510/libam_hal.a(am_hal_spotmgr_pcm2_2.o)
 *fill*         0x20005084        0x4 
 .data.powerStateTransitionSeq
                0x20005088       0x6c /Users/adampage/Ambiq/neuralspot/neuralspotx/examples/power_benchmark/modules/nsx-ambiqsuite-r5/sdk/lib/apollo510/libam_hal.a(am_hal_spotmgr_pcm2_2.o)
                0x20005088                powerStateTransitionSeq
 .data.eOngoingSeq
                0x200050f4        0x1 /Users/adampage/Ambiq/neuralspot/neuralspotx/examples/power_benchmark/modules/nsx-ambiqsuite-r5/sdk/lib/apollo510/libam_hal.a(am_hal_spotmgr_pcm2_2.o)
 *fill*         0x200050f5        0x3 
 .data.g_ui32LastStateBfStartTimer
                0x200050f8        0x4 /Users/adampage/Ambiq/neuralspot/neuralspotx/examples/power_benchmark/modules/nsx-ambiqsuite-r5/sdk/lib/apollo510/libam_hal.a(am_hal_spotmgr_pcm2_2.o)
 .data.g_ui32CurPowerStateStatic
                0x200050fc        0x4 /Users/adampage/Ambiq/neuralspot/neuralspotx/examples/power_benchmark/modules/nsx-ambiqsuite-r5/sdk/lib/apollo510/libam_hal.a(am_hal_spotmgr_pcm2_2.o)
 .data.g_am_hal_usb_phy_tuning_param
                0x20005100        0x4 /Users/adampage/Ambiq/neuralspot/neuralspotx/examples/power_benchmark/modules/nsx-ambiqsuite-r5/sdk/lib/apollo510/libam_hal.a(am_hal_usb.o)
 .data._impure_ptr
                0x20005104        0x4 /Applications/ArmGNUToolchain/14.3.rel1/arm-none-eabi/bin/../lib/gcc/arm-none-eabi/14.3.1/../../../../arm-none-eabi/lib/thumb/v8-m.main+dp/hard/libc.a(libc_a-impure.o)
                0x20005104                _impure_ptr
 .data._impure_data
                0x20005108      0x200 /Applications/ArmGNUToolchain/14.3.rel1/arm-none-eabi/bin/../lib/gcc/arm-none-eabi/14.3.1/../../../../arm-none-eabi/lib/thumb/v8-m.main+dp/hard/libc.a(libc_a-impure.o)
                0x20005108                _impure_data
                0x20005308                        . = ALIGN (0x4)
                0x20005308                        _edata = .
                0x0041ea88                        _init_data = LOADADDR (.data)

.igot.plt       0x20005308        0x0 load address 0x0041ed90
 .igot.plt      0x20005308        0x0 CMakeFiles/power_benchmark.dir/src/main.c.obj

.bss            0x20005308     0x1a2c load address 0x0041ed90
                0x20005308                        . = ALIGN (0x4)
                0x20005308                        _sbss = .
 *(.bss)
 *(.bss*)
 .bss.s_coremark_results
                0x20005308        0x4 CMakeFiles/power_benchmark.dir/src/main.c.obj
                0x20005308                s_coremark_results
 .bss.stop_time_val
                0x2000530c        0x4 CMakeFiles/power_benchmark.dir/src/core_portme.c.obj
 .bss.start_time_val
                0x20005310        0x4 CMakeFiles/power_benchmark.dir/src/core_portme.c.obj
 .bss.seed5_volatile
                0x20005314        0x4 CMakeFiles/power_benchmark.dir/src/core_portme.c.obj
                0x20005314                seed5_volatile
 .bss.seed4_volatile
                0x20005318        0x4 CMakeFiles/power_benchmark.dir/src/core_portme.c.obj
                0x20005318                seed4_volatile
 .bss.seed2_volatile
                0x2000531c        0x4 CMakeFiles/power_benchmark.dir/src/core_portme.c.obj
                0x2000531c                seed2_volatile
 .bss.seed1_volatile
                0x20005320        0x4 CMakeFiles/power_benchmark.dir/src/core_portme.c.obj
                0x20005320                seed1_volatile
 .bss.g_ns_power_monitor_enabled
                0x20005324        0x1 _nsx/nsx_utils/libnsx_utils.a(ns_energy_monitor.c.obj)
 *fill*         0x20005325        0x3 
 .bss.ns_timer_config
                0x20005328       0x14 _nsx/nsx_utils/libnsx_utils.a(ns_timer.c.obj)
                0x20005328                ns_timer_config
 *fill*         0x2000533c        0x4 
 .bss.g_ns_state
                0x20005340       0x10 _nsx/nsx_core/libnsx_core.a(ns_core.c.obj)
                0x20005340                g_ns_state
 .bss.g_sCOMUART
                0x20005350        0x4 /Users/adampage/Ambiq/neuralspot/neuralspotx/examples/power_benchmark/modules/nsx-ambiqsuite-r5/sdk/lib/apollo510/evb/libam_bsp.a(am_bsp.o)
 .bss.g_ePrintInterface
                0x20005354        0x1 /Users/adampage/Ambiq/neuralspot/neuralspotx/examples/power_benchmark/modules/nsx-ambiqsuite-r5/sdk/lib/apollo510/evb/libam_bsp.a(am_bsp.o)
 .bss.g_bTxtXlate
                0x20005355        0x1 _nsx/nsx_ambiq_hal_r5/libnsx_ambiq_hal.a(am_util_stdio.c.obj)
 *fill*         0x20005356        0x2 
 .bss.g_prfbuf  0x20005358      0x400 _nsx/nsx_ambiq_hal_r5/libnsx_ambiq_hal.a(am_util_stdio.c.obj)
 .bss.g_pfnCharPrint
                0x20005758        0x4 _nsx/nsx_ambiq_hal_r5/libnsx_ambiq_hal.a(am_util_stdio.c.obj)
                0x20005758                g_pfnCharPrint
 .bss.g_bSYSPLLStartPending
                0x2000575c        0x1 /Users/adampage/Ambiq/neuralspot/neuralspotx/examples/power_benchmark/modules/nsx-ambiqsuite-r5/sdk/lib/apollo510/libam_hal.a(am_hal_clkmgr.o)
 .bss.g_bHFRC2StartPending
                0x2000575d        0x1 /Users/adampage/Ambiq/neuralspot/neuralspotx/examples/power_benchmark/modules/nsx-ambiqsuite-r5/sdk/lib/apollo510/libam_hal.a(am_hal_clkmgr.o)
 *fill*         0x2000575e        0x2 
 .bss.g_pui32ClkStabilizingCounter_HFRC2_ADJ
                0x20005760        0x4 /Users/adampage/Ambiq/neuralspot/neuralspotx/examples/power_benchmark/modules/nsx-ambiqsuite-r5/sdk/lib/apollo510/libam_hal.a(am_hal_clkmgr.o)
 .bss.g_pui32ClkStabilizingCounter_HFRC_ADJ
                0x20005764        0x4 /Users/adampage/Ambiq/neuralspot/neuralspotx/examples/power_benchmark/modules/nsx-ambiqsuite-r5/sdk/lib/apollo510/libam_hal.a(am_hal_clkmgr.o)
 .bss.g_pui32ClkStabilizingCounter_XTAL_HS
                0x20005768        0x4 /Users/adampage/Ambiq/neuralspot/neuralspotx/examples/power_benchmark/modules/nsx-ambiqsuite-r5/sdk/lib/apollo510/libam_hal.a(am_hal_clkmgr.o)
 .bss.g_bClkStablized_HFRC_ADJ
                0x2000576c        0x1 /Users/adampage/Ambiq/neuralspot/neuralspotx/examples/power_benchmark/modules/nsx-ambiqsuite-r5/sdk/lib/apollo510/libam_hal.a(am_hal_clkmgr.o)
 .bss.g_bClkStabilizing_HFRC2_ADJ
                0x2000576d        0x1 /Users/adampage/Ambiq/neuralspot/neuralspotx/examples/power_benchmark/modules/nsx-ambiqsuite-r5/sdk/lib/apollo510/libam_hal.a(am_hal_clkmgr.o)
 .bss.g_bClkStabilizing_HFRC_ADJ
                0x2000576e        0x1 /Users/adampage/Ambiq/neuralspot/neuralspotx/examples/power_benchmark/modules/nsx-ambiqsuite-r5/sdk/lib/apollo510/libam_hal.a(am_hal_clkmgr.o)
 .bss.g_bClkStabilizing_XTAL_HS
                0x2000576f        0x1 /Users/adampage/Ambiq/neuralspot/neuralspotx/examples/power_benchmark/modules/nsx-ambiqsuite-r5/sdk/lib/apollo510/libam_hal.a(am_hal_clkmgr.o)
 .bss.g_pSyspllHandle
                0x20005770        0x4 /Users/adampage/Ambiq/neuralspot/neuralspotx/examples/power_benchmark/modules/nsx-ambiqsuite-r5/sdk/lib/apollo510/libam_hal.a(am_hal_clkmgr.o)
 .bss.g_sClkMgrClkConfig_SYSPLL
                0x20005774        0xc /Users/adampage/Ambiq/neuralspot/neuralspotx/examples/power_benchmark/modules/nsx-ambiqsuite-r5/sdk/lib/apollo510/libam_hal.a(am_hal_clkmgr.o)
 .bss.g_sClkMgrClkConfig_HFRC2
                0x20005780        0xc /Users/adampage/Ambiq/neuralspot/neuralspotx/examples/power_benchmark/modules/nsx-ambiqsuite-r5/sdk/lib/apollo510/libam_hal.a(am_hal_clkmgr.o)
 .bss.g_sClkMgrClkConfig_HFRC
                0x2000578c        0xc /Users/adampage/Ambiq/neuralspot/neuralspotx/examples/power_benchmark/modules/nsx-ambiqsuite-r5/sdk/lib/apollo510/libam_hal.a(am_hal_clkmgr.o)
 .bss.g_ui32ClkMgrClkCfgFreq_SYSPLL
                0x20005798        0x4 /Users/adampage/Ambiq/neuralspot/neuralspotx/examples/power_benchmark/modules/nsx-ambiqsuite-r5/sdk/lib/apollo510/libam_hal.a(am_hal_clkmgr.o)
 .bss.g_ui32ClkMgrClkCfgFreq_HFRC2
                0x2000579c        0x4 /Users/adampage/Ambiq/neuralspot/neuralspotx/examples/power_benchmark/modules/nsx-ambiqsuite-r5/sdk/lib/apollo510/libam_hal.a(am_hal_clkmgr.o)
 .bss.g_ui32ClkMgrClkCfgFreq_HFRC
                0x200057a0        0x4 /Users/adampage/Ambiq/neuralspot/neuralspotx/examples/power_benchmark/modules/nsx-ambiqsuite-r5/sdk/lib/apollo510/libam_hal.a(am_hal_clkmgr.o)
 .bss.g_bClkMgrClkCfgValid_SYSPLL
                0x200057a4        0x1 /Users/adampage/Ambiq/neuralspot/neuralspotx/examples/power_benchmark/modules/nsx-ambiqsuite-r5/sdk/lib/apollo510/libam_hal.a(am_hal_clkmgr.o)
 *fill*         0x200057a5        0x3 